auh7-3b-gpu-012:227722:227835 [1] NCCL INFO Channel 09/0 : 1[4a000] -> 2[5000] via P2P/IPC comm 0x236f0b30 nRanks 08
auh7-3b-gpu-012:227722:227835 [1] NCCL INFO Channel 10/0 : 1[4a000] -> 2[5000] via P2P/IPC comm 0x236f0b30 nRanks 08
auh7-3b-gpu-012:227722:227835 [1] NCCL INFO Channel 11/0 : 1[4a000] -> 2[5000] via P2P/IPC comm 0x236f0b30 nRanks 08
auh7-3b-gpu-012:227722:227835 [1] NCCL INFO Channel 12/0 : 1[4a000] -> 2[5000] via P2P/IPC comm 0x236f0b30 nRanks 08
auh7-3b-gpu-012:227722:227835 [1] NCCL INFO Channel 13/0 : 1[4a000] -> 2[5000] via P2P/IPC comm 0x236f0b30 nRanks 08
auh7-3b-gpu-012:227722:227835 [1] NCCL INFO Channel 14/0 : 1[4a000] -> 2[5000] via P2P/IPC comm 0x236f0b30 nRanks 08
auh7-3b-gpu-012:227722:227835 [1] NCCL INFO Channel 15/0 : 1[4a000] -> 2[5000] via P2P/IPC comm 0x236f0b30 nRanks 08
auh7-3b-gpu-012:227722:227835 [1] NCCL INFO Channel 16/0 : 1[4a000] -> 2[5000] via P2P/IPC comm 0x236f0b30 nRanks 08
auh7-3b-gpu-012:227722:227835 [1] NCCL INFO Channel 17/0 : 1[4a000] -> 2[5000] via P2P/IPC comm 0x236f0b30 nRanks 08
auh7-3b-gpu-012:227722:227835 [1] NCCL INFO Channel 18/0 : 1[4a000] -> 2[5000] via P2P/IPC comm 0x236f0b30 nRanks 08
auh7-3b-gpu-012:227722:227835 [1] NCCL INFO Channel 19/0 : 1[4a000] -> 2[5000] via P2P/IPC comm 0x236f0b30 nRanks 08
auh7-3b-gpu-012:227722:227835 [1] NCCL INFO Channel 20/0 : 1[4a000] -> 2[5000] via P2P/IPC comm 0x236f0b30 nRanks 08
auh7-3b-gpu-012:227722:227835 [1] NCCL INFO Channel 21/0 : 1[4a000] -> 2[5000] via P2P/IPC comm 0x236f0b30 nRanks 08
auh7-3b-gpu-012:227722:227835 [1] NCCL INFO Channel 22/0 : 1[4a000] -> 2[5000] via P2P/IPC comm 0x236f0b30 nRanks 08
auh7-3b-gpu-012:227722:227835 [1] NCCL INFO Channel 23/0 : 1[4a000] -> 2[5000] via P2P/IPC comm 0x236f0b30 nRanks 08
auh7-3b-gpu-012:227722:227835 [1] NCCL INFO Channel 24/0 : 1[4a000] -> 2[5000] via P2P/IPC comm 0x236f0b30 nRanks 08
auh7-3b-gpu-012:227722:227835 [1] NCCL INFO Channel 25/0 : 1[4a000] -> 2[5000] via P2P/IPC comm 0x236f0b30 nRanks 08
auh7-3b-gpu-012:227722:227835 [1] NCCL INFO Channel 26/0 : 1[4a000] -> 2[5000] via P2P/IPC comm 0x236f0b30 nRanks 08
auh7-3b-gpu-012:227722:227835 [1] NCCL INFO Channel 27/0 : 1[4a000] -> 2[5000] via P2P/IPC comm 0x236f0b30 nRanks 08
auh7-3b-gpu-012:227722:227835 [1] NCCL INFO Channel 28/0 : 1[4a000] -> 2[5000] via P2P/IPC comm 0x236f0b30 nRanks 08
auh7-3b-gpu-012:227722:227835 [1] NCCL INFO Channel 29/0 : 1[4a000] -> 2[5000] via P2P/IPC comm 0x236f0b30 nRanks 08
auh7-3b-gpu-012:227722:227835 [1] NCCL INFO Channel 30/0 : 1[4a000] -> 2[5000] via P2P/IPC comm 0x236f0b30 nRanks 08
auh7-3b-gpu-012:227722:227835 [1] NCCL INFO Channel 31/0 : 1[4a000] -> 2[5000] via P2P/IPC comm 0x236f0b30 nRanks 08
auh7-3b-gpu-012:227727:227840 [6] NCCL INFO Channel 15/2 : 6[85000] -> 3[8000] via P2P/IPC comm 0x2bfa4d50 nRanks 08
auh7-3b-gpu-012:227725:227836 [4] NCCL INFO Channel 10/2 : 4[c5000] -> 7[88000] via P2P/IPC comm 0x3220db90 nRanks 08
auh7-3b-gpu-012:227725:227836 [4] NCCL INFO Channel 11/2 : 4[c5000] -> 7[88000] via P2P/IPC comm 0x3220db90 nRanks 08
auh7-3b-gpu-012:227726:227839 [5] NCCL INFO Channel 18/2 : 5[c8000] -> 4[c5000] via P2P/IPC comm 0x1587dba0 nRanks 08
auh7-3b-gpu-012:227727:227840 [6] NCCL INFO Channel 16/2 : 6[85000] -> 3[8000] via P2P/IPC comm 0x2bfa4d50 nRanks 08
auh7-3b-gpu-012:227727:227840 [6] NCCL INFO Channel 17/2 : 6[85000] -> 3[8000] via P2P/IPC comm 0x2bfa4d50 nRanks 08
auh7-3b-gpu-012:227725:227836 [4] NCCL INFO Channel 12/2 : 4[c5000] -> 7[88000] via P2P/IPC comm 0x3220db90 nRanks 08
auh7-3b-gpu-012:227726:227839 [5] NCCL INFO Channel 19/2 : 5[c8000] -> 4[c5000] via P2P/IPC comm 0x1587dba0 nRanks 08
auh7-3b-gpu-012:227726:227839 [5] NCCL INFO Channel 20/2 : 5[c8000] -> 4[c5000] via P2P/IPC comm 0x1587dba0 nRanks 08
auh7-3b-gpu-012:227727:227840 [6] NCCL INFO Channel 18/2 : 6[85000] -> 3[8000] via P2P/IPC comm 0x2bfa4d50 nRanks 08
auh7-3b-gpu-012:227727:227840 [6] NCCL INFO Channel 19/2 : 6[85000] -> 3[8000] via P2P/IPC comm 0x2bfa4d50 nRanks 08
auh7-3b-gpu-012:227725:227836 [4] NCCL INFO Channel 13/2 : 4[c5000] -> 7[88000] via P2P/IPC comm 0x3220db90 nRanks 08
auh7-3b-gpu-012:227725:227836 [4] NCCL INFO Channel 14/2 : 4[c5000] -> 7[88000] via P2P/IPC comm 0x3220db90 nRanks 08
auh7-3b-gpu-012:227726:227839 [5] NCCL INFO Channel 21/2 : 5[c8000] -> 4[c5000] via P2P/IPC comm 0x1587dba0 nRanks 08
auh7-3b-gpu-012:227726:227839 [5] NCCL INFO Channel 22/2 : 5[c8000] -> 4[c5000] via P2P/IPC comm 0x1587dba0 nRanks 08
auh7-3b-gpu-012:227727:227840 [6] NCCL INFO Channel 20/2 : 6[85000] -> 3[8000] via P2P/IPC comm 0x2bfa4d50 nRanks 08
auh7-3b-gpu-012:227725:227836 [4] NCCL INFO Channel 15/2 : 4[c5000] -> 7[88000] via P2P/IPC comm 0x3220db90 nRanks 08
auh7-3b-gpu-012:227725:227836 [4] NCCL INFO Channel 16/2 : 4[c5000] -> 7[88000] via P2P/IPC comm 0x3220db90 nRanks 08
auh7-3b-gpu-012:227726:227839 [5] NCCL INFO Channel 23/2 : 5[c8000] -> 4[c5000] via P2P/IPC comm 0x1587dba0 nRanks 08
auh7-3b-gpu-012:227726:227839 [5] NCCL INFO Channel 24/2 : 5[c8000] -> 4[c5000] via P2P/IPC comm 0x1587dba0 nRanks 08
auh7-3b-gpu-012:227726:227839 [5] NCCL INFO Channel 25/2 : 5[c8000] -> 4[c5000] via P2P/IPC comm 0x1587dba0 nRanks 08
auh7-3b-gpu-012:227727:227840 [6] NCCL INFO Channel 21/2 : 6[85000] -> 3[8000] via P2P/IPC comm 0x2bfa4d50 nRanks 08
auh7-3b-gpu-012:227727:227840 [6] NCCL INFO Channel 22/2 : 6[85000] -> 3[8000] via P2P/IPC comm 0x2bfa4d50 nRanks 08
auh7-3b-gpu-012:227727:227840 [6] NCCL INFO Channel 23/2 : 6[85000] -> 3[8000] via P2P/IPC comm 0x2bfa4d50 nRanks 08
auh7-3b-gpu-012:227725:227836 [4] NCCL INFO Channel 17/2 : 4[c5000] -> 7[88000] via P2P/IPC comm 0x3220db90 nRanks 08
auh7-3b-gpu-012:227725:227836 [4] NCCL INFO Channel 18/2 : 4[c5000] -> 7[88000] via P2P/IPC comm 0x3220db90 nRanks 08
auh7-3b-gpu-012:227726:227839 [5] NCCL INFO Channel 26/2 : 5[c8000] -> 4[c5000] via P2P/IPC comm 0x1587dba0 nRanks 08
auh7-3b-gpu-012:227726:227839 [5] NCCL INFO Channel 27/2 : 5[c8000] -> 4[c5000] via P2P/IPC comm 0x1587dba0 nRanks 08
auh7-3b-gpu-012:227726:227839 [5] NCCL INFO Channel 28/2 : 5[c8000] -> 4[c5000] via P2P/IPC comm 0x1587dba0 nRanks 08
auh7-3b-gpu-012:227726:227839 [5] NCCL INFO Channel 29/2 : 5[c8000] -> 4[c5000] via P2P/IPC comm 0x1587dba0 nRanks 08
auh7-3b-gpu-012:227726:227839 [5] NCCL INFO Channel 30/2 : 5[c8000] -> 4[c5000] via P2P/IPC comm 0x1587dba0 nRanks 08
auh7-3b-gpu-012:227726:227839 [5] NCCL INFO Channel 31/2 : 5[c8000] -> 4[c5000] via P2P/IPC comm 0x1587dba0 nRanks 08
auh7-3b-gpu-012:227727:227840 [6] NCCL INFO Channel 24/2 : 6[85000] -> 3[8000] via P2P/IPC comm 0x2bfa4d50 nRanks 08
auh7-3b-gpu-012:227727:227840 [6] NCCL INFO Channel 25/2 : 6[85000] -> 3[8000] via P2P/IPC comm 0x2bfa4d50 nRanks 08
auh7-3b-gpu-012:227727:227840 [6] NCCL INFO Channel 26/2 : 6[85000] -> 3[8000] via P2P/IPC comm 0x2bfa4d50 nRanks 08
auh7-3b-gpu-012:227725:227836 [4] NCCL INFO Channel 19/2 : 4[c5000] -> 7[88000] via P2P/IPC comm 0x3220db90 nRanks 08
auh7-3b-gpu-012:227727:227840 [6] NCCL INFO Channel 27/2 : 6[85000] -> 3[8000] via P2P/IPC comm 0x2bfa4d50 nRanks 08
auh7-3b-gpu-012:227727:227840 [6] NCCL INFO Channel 28/2 : 6[85000] -> 3[8000] via P2P/IPC comm 0x2bfa4d50 nRanks 08
auh7-3b-gpu-012:227725:227836 [4] NCCL INFO Channel 20/2 : 4[c5000] -> 7[88000] via P2P/IPC comm 0x3220db90 nRanks 08
auh7-3b-gpu-012:227725:227836 [4] NCCL INFO Channel 21/2 : 4[c5000] -> 7[88000] via P2P/IPC comm 0x3220db90 nRanks 08
auh7-3b-gpu-012:227727:227840 [6] NCCL INFO Channel 29/2 : 6[85000] -> 3[8000] via P2P/IPC comm 0x2bfa4d50 nRanks 08
auh7-3b-gpu-012:227727:227840 [6] NCCL INFO Channel 30/2 : 6[85000] -> 3[8000] via P2P/IPC comm 0x2bfa4d50 nRanks 08
auh7-3b-gpu-012:227727:227840 [6] NCCL INFO Channel 31/2 : 6[85000] -> 3[8000] via P2P/IPC comm 0x2bfa4d50 nRanks 08
auh7-3b-gpu-012:227725:227836 [4] NCCL INFO Channel 22/2 : 4[c5000] -> 7[88000] via P2P/IPC comm 0x3220db90 nRanks 08
auh7-3b-gpu-012:227725:227836 [4] NCCL INFO Channel 23/2 : 4[c5000] -> 7[88000] via P2P/IPC comm 0x3220db90 nRanks 08
auh7-3b-gpu-012:227724:227838 [3] NCCL INFO Channel 00/2 : 3[8000] -> 2[5000] via P2P/IPC comm 0x145395f0 nRanks 08
auh7-3b-gpu-012:227725:227836 [4] NCCL INFO Channel 24/2 : 4[c5000] -> 7[88000] via P2P/IPC comm 0x3220db90 nRanks 08
auh7-3b-gpu-012:227725:227836 [4] NCCL INFO Channel 25/2 : 4[c5000] -> 7[88000] via P2P/IPC comm 0x3220db90 nRanks 08
auh7-3b-gpu-012:227725:227836 [4] NCCL INFO Channel 26/2 : 4[c5000] -> 7[88000] via P2P/IPC comm 0x3220db90 nRanks 08
auh7-3b-gpu-012:227724:227838 [3] NCCL INFO Channel 01/2 : 3[8000] -> 2[5000] via P2P/IPC comm 0x145395f0 nRanks 08
auh7-3b-gpu-012:227725:227836 [4] NCCL INFO Channel 27/2 : 4[c5000] -> 7[88000] via P2P/IPC comm 0x3220db90 nRanks 08
auh7-3b-gpu-012:227725:227836 [4] NCCL INFO Channel 28/2 : 4[c5000] -> 7[88000] via P2P/IPC comm 0x3220db90 nRanks 08
auh7-3b-gpu-012:227724:227838 [3] NCCL INFO Channel 02/2 : 3[8000] -> 2[5000] via P2P/IPC comm 0x145395f0 nRanks 08
auh7-3b-gpu-012:227724:227838 [3] NCCL INFO Channel 03/2 : 3[8000] -> 2[5000] via P2P/IPC comm 0x145395f0 nRanks 08
auh7-3b-gpu-012:227724:227838 [3] NCCL INFO Channel 04/2 : 3[8000] -> 2[5000] via P2P/IPC comm 0x145395f0 nRanks 08
auh7-3b-gpu-012:227724:227838 [3] NCCL INFO Channel 05/2 : 3[8000] -> 2[5000] via P2P/IPC comm 0x145395f0 nRanks 08
auh7-3b-gpu-012:227724:227838 [3] NCCL INFO Channel 06/2 : 3[8000] -> 2[5000] via P2P/IPC comm 0x145395f0 nRanks 08
auh7-3b-gpu-012:227724:227838 [3] NCCL INFO Channel 07/2 : 3[8000] -> 2[5000] via P2P/IPC comm 0x145395f0 nRanks 08
auh7-3b-gpu-012:227724:227838 [3] NCCL INFO Channel 08/2 : 3[8000] -> 2[5000] via P2P/IPC comm 0x145395f0 nRanks 08
auh7-3b-gpu-012:227724:227838 [3] NCCL INFO Channel 09/2 : 3[8000] -> 2[5000] via P2P/IPC comm 0x145395f0 nRanks 08
auh7-3b-gpu-012:227724:227838 [3] NCCL INFO Channel 10/2 : 3[8000] -> 2[5000] via P2P/IPC comm 0x145395f0 nRanks 08
auh7-3b-gpu-012:227724:227838 [3] NCCL INFO Channel 11/2 : 3[8000] -> 2[5000] via P2P/IPC comm 0x145395f0 nRanks 08
auh7-3b-gpu-012:227725:227836 [4] NCCL INFO Channel 29/2 : 4[c5000] -> 7[88000] via P2P/IPC comm 0x3220db90 nRanks 08
auh7-3b-gpu-012:227725:227836 [4] NCCL INFO Channel 30/2 : 4[c5000] -> 7[88000] via P2P/IPC comm 0x3220db90 nRanks 08
auh7-3b-gpu-012:227724:227838 [3] NCCL INFO Channel 12/2 : 3[8000] -> 2[5000] via P2P/IPC comm 0x145395f0 nRanks 08
auh7-3b-gpu-012:227725:227836 [4] NCCL INFO Channel 31/2 : 4[c5000] -> 7[88000] via P2P/IPC comm 0x3220db90 nRanks 08
auh7-3b-gpu-012:227724:227838 [3] NCCL INFO Channel 13/2 : 3[8000] -> 2[5000] via P2P/IPC comm 0x145395f0 nRanks 08
auh7-3b-gpu-012:227724:227838 [3] NCCL INFO Channel 14/2 : 3[8000] -> 2[5000] via P2P/IPC comm 0x145395f0 nRanks 08
auh7-3b-gpu-012:227724:227838 [3] NCCL INFO Channel 15/2 : 3[8000] -> 2[5000] via P2P/IPC comm 0x145395f0 nRanks 08
auh7-3b-gpu-012:227724:227838 [3] NCCL INFO Channel 16/2 : 3[8000] -> 2[5000] via P2P/IPC comm 0x145395f0 nRanks 08
auh7-3b-gpu-012:227724:227838 [3] NCCL INFO Channel 17/2 : 3[8000] -> 2[5000] via P2P/IPC comm 0x145395f0 nRanks 08
auh7-3b-gpu-012:227724:227838 [3] NCCL INFO Channel 18/2 : 3[8000] -> 2[5000] via P2P/IPC comm 0x145395f0 nRanks 08
auh7-3b-gpu-012:227724:227838 [3] NCCL INFO Channel 19/2 : 3[8000] -> 2[5000] via P2P/IPC comm 0x145395f0 nRanks 08
auh7-3b-gpu-012:227724:227838 [3] NCCL INFO Channel 20/2 : 3[8000] -> 2[5000] via P2P/IPC comm 0x145395f0 nRanks 08
auh7-3b-gpu-012:227724:227838 [3] NCCL INFO Channel 21/2 : 3[8000] -> 2[5000] via P2P/IPC comm 0x145395f0 nRanks 08
auh7-3b-gpu-012:227724:227838 [3] NCCL INFO Channel 22/2 : 3[8000] -> 2[5000] via P2P/IPC comm 0x145395f0 nRanks 08
auh7-3b-gpu-012:227724:227838 [3] NCCL INFO Channel 23/2 : 3[8000] -> 2[5000] via P2P/IPC comm 0x145395f0 nRanks 08
auh7-3b-gpu-012:227724:227838 [3] NCCL INFO Channel 24/2 : 3[8000] -> 2[5000] via P2P/IPC comm 0x145395f0 nRanks 08
auh7-3b-gpu-012:227724:227838 [3] NCCL INFO Channel 25/2 : 3[8000] -> 2[5000] via P2P/IPC comm 0x145395f0 nRanks 08
auh7-3b-gpu-012:227724:227838 [3] NCCL INFO Channel 26/2 : 3[8000] -> 2[5000] via P2P/IPC comm 0x145395f0 nRanks 08
auh7-3b-gpu-012:227724:227838 [3] NCCL INFO Channel 27/2 : 3[8000] -> 2[5000] via P2P/IPC comm 0x145395f0 nRanks 08
auh7-3b-gpu-012:227724:227838 [3] NCCL INFO Channel 28/2 : 3[8000] -> 2[5000] via P2P/IPC comm 0x145395f0 nRanks 08
auh7-3b-gpu-012:227724:227838 [3] NCCL INFO Channel 29/2 : 3[8000] -> 2[5000] via P2P/IPC comm 0x145395f0 nRanks 08
auh7-3b-gpu-012:227724:227838 [3] NCCL INFO Channel 30/2 : 3[8000] -> 2[5000] via P2P/IPC comm 0x145395f0 nRanks 08
auh7-3b-gpu-012:227728:227841 [7] NCCL INFO Channel 00/2 : 7[88000] -> 6[85000] via P2P/IPC comm 0x93adad0 nRanks 08
auh7-3b-gpu-012:227728:227841 [7] NCCL INFO Channel 01/2 : 7[88000] -> 6[85000] via P2P/IPC comm 0x93adad0 nRanks 08
auh7-3b-gpu-012:227728:227841 [7] NCCL INFO Channel 02/2 : 7[88000] -> 6[85000] via P2P/IPC comm 0x93adad0 nRanks 08
auh7-3b-gpu-012:227728:227841 [7] NCCL INFO Channel 03/2 : 7[88000] -> 6[85000] via P2P/IPC comm 0x93adad0 nRanks 08
auh7-3b-gpu-012:227726:227875 [5] NCCL INFO NCCL_IB_GID_INDEX set by environment to 3.
auh7-3b-gpu-012:227725:227836 [4] NCCL INFO Connected all rings comm 0x3220db90 nRanks 08 busId c5000
auh7-3b-gpu-012:227725:227836 [4] NCCL INFO Channel 00/0 : 4[c5000] -> 5[c8000] via P2P/IPC comm 0x3220db90 nRanks 08
auh7-3b-gpu-012:227724:227838 [3] NCCL INFO Channel 31/2 : 3[8000] -> 2[5000] via P2P/IPC comm 0x145395f0 nRanks 08
auh7-3b-gpu-012:227728:227841 [7] NCCL INFO Channel 04/2 : 7[88000] -> 6[85000] via P2P/IPC comm 0x93adad0 nRanks 08
auh7-3b-gpu-012:227724:227838 [3] NCCL INFO Connected all rings comm 0x145395f0 nRanks 08 busId 8000
auh7-3b-gpu-012:227728:227841 [7] NCCL INFO Channel 05/2 : 7[88000] -> 6[85000] via P2P/IPC comm 0x93adad0 nRanks 08
auh7-3b-gpu-012:227723:227837 [2] NCCL INFO Connected all rings comm 0x6f41460 nRanks 08 busId 5000
auh7-3b-gpu-012:227725:227836 [4] NCCL INFO Channel 01/0 : 4[c5000] -> 5[c8000] via P2P/IPC comm 0x3220db90 nRanks 08
auh7-3b-gpu-012:227725:227836 [4] NCCL INFO Channel 02/0 : 4[c5000] -> 5[c8000] via P2P/IPC comm 0x3220db90 nRanks 08
auh7-3b-gpu-012:227728:227841 [7] NCCL INFO Channel 06/2 : 7[88000] -> 6[85000] via P2P/IPC comm 0x93adad0 nRanks 08
auh7-3b-gpu-012:227728:227841 [7] NCCL INFO Channel 07/2 : 7[88000] -> 6[85000] via P2P/IPC comm 0x93adad0 nRanks 08
auh7-3b-gpu-012:227726:227839 [5] NCCL INFO Connected all rings comm 0x1587dba0 nRanks 08 busId c8000
auh7-3b-gpu-012:227721:227834 [0] NCCL INFO Connected all rings comm 0x80e1af0 nRanks 08 busId 47000
auh7-3b-gpu-012:227721:227834 [0] NCCL INFO Channel 00/0 : 0[47000] -> 1[4a000] via P2P/IPC comm 0x80e1af0 nRanks 08
auh7-3b-gpu-012:227721:227834 [0] NCCL INFO Channel 01/0 : 0[47000] -> 1[4a000] via P2P/IPC comm 0x80e1af0 nRanks 08
auh7-3b-gpu-012:227721:227834 [0] NCCL INFO Channel 02/0 : 0[47000] -> 1[4a000] via P2P/IPC comm 0x80e1af0 nRanks 08
auh7-3b-gpu-012:227721:227834 [0] NCCL INFO Channel 03/0 : 0[47000] -> 1[4a000] via P2P/IPC comm 0x80e1af0 nRanks 08
auh7-3b-gpu-012:227721:227834 [0] NCCL INFO Channel 04/0 : 0[47000] -> 1[4a000] via P2P/IPC comm 0x80e1af0 nRanks 08
auh7-3b-gpu-012:227721:227834 [0] NCCL INFO Channel 05/0 : 0[47000] -> 1[4a000] via P2P/IPC comm 0x80e1af0 nRanks 08
auh7-3b-gpu-012:227721:227834 [0] NCCL INFO Channel 06/0 : 0[47000] -> 1[4a000] via P2P/IPC comm 0x80e1af0 nRanks 08
auh7-3b-gpu-012:227723:227837 [2] NCCL INFO Channel 00/0 : 2[5000] -> 3[8000] via P2P/IPC comm 0x6f41460 nRanks 08
auh7-3b-gpu-012:227721:227834 [0] NCCL INFO Channel 07/0 : 0[47000] -> 1[4a000] via P2P/IPC comm 0x80e1af0 nRanks 08
auh7-3b-gpu-012:227721:227834 [0] NCCL INFO Channel 08/0 : 0[47000] -> 1[4a000] via P2P/IPC comm 0x80e1af0 nRanks 08
auh7-3b-gpu-012:227721:227834 [0] NCCL INFO Channel 09/0 : 0[47000] -> 1[4a000] via P2P/IPC comm 0x80e1af0 nRanks 08
auh7-3b-gpu-012:227721:227834 [0] NCCL INFO Channel 10/0 : 0[47000] -> 1[4a000] via P2P/IPC comm 0x80e1af0 nRanks 08
auh7-3b-gpu-012:227721:227834 [0] NCCL INFO Channel 11/0 : 0[47000] -> 1[4a000] via P2P/IPC comm 0x80e1af0 nRanks 08
auh7-3b-gpu-012:227721:227834 [0] NCCL INFO Channel 12/0 : 0[47000] -> 1[4a000] via P2P/IPC comm 0x80e1af0 nRanks 08
auh7-3b-gpu-012:227721:227834 [0] NCCL INFO Channel 13/0 : 0[47000] -> 1[4a000] via P2P/IPC comm 0x80e1af0 nRanks 08
auh7-3b-gpu-012:227721:227834 [0] NCCL INFO Channel 14/0 : 0[47000] -> 1[4a000] via P2P/IPC comm 0x80e1af0 nRanks 08
auh7-3b-gpu-012:227721:227834 [0] NCCL INFO Channel 15/0 : 0[47000] -> 1[4a000] via P2P/IPC comm 0x80e1af0 nRanks 08
auh7-3b-gpu-012:227721:227834 [0] NCCL INFO Channel 16/0 : 0[47000] -> 1[4a000] via P2P/IPC comm 0x80e1af0 nRanks 08
auh7-3b-gpu-012:227721:227834 [0] NCCL INFO Channel 17/0 : 0[47000] -> 1[4a000] via P2P/IPC comm 0x80e1af0 nRanks 08
auh7-3b-gpu-012:227721:227834 [0] NCCL INFO Channel 18/0 : 0[47000] -> 1[4a000] via P2P/IPC comm 0x80e1af0 nRanks 08
auh7-3b-gpu-012:227721:227834 [0] NCCL INFO Channel 19/0 : 0[47000] -> 1[4a000] via P2P/IPC comm 0x80e1af0 nRanks 08
auh7-3b-gpu-012:227725:227836 [4] NCCL INFO Channel 03/0 : 4[c5000] -> 5[c8000] via P2P/IPC comm 0x3220db90 nRanks 08
auh7-3b-gpu-012:227721:227834 [0] NCCL INFO Channel 20/0 : 0[47000] -> 1[4a000] via P2P/IPC comm 0x80e1af0 nRanks 08
auh7-3b-gpu-012:227721:227834 [0] NCCL INFO Channel 21/0 : 0[47000] -> 1[4a000] via P2P/IPC comm 0x80e1af0 nRanks 08
auh7-3b-gpu-012:227721:227834 [0] NCCL INFO Channel 22/0 : 0[47000] -> 1[4a000] via P2P/IPC comm 0x80e1af0 nRanks 08
auh7-3b-gpu-012:227721:227834 [0] NCCL INFO Channel 23/0 : 0[47000] -> 1[4a000] via P2P/IPC comm 0x80e1af0 nRanks 08
auh7-3b-gpu-012:227728:227841 [7] NCCL INFO Channel 08/2 : 7[88000] -> 6[85000] via P2P/IPC comm 0x93adad0 nRanks 08
auh7-3b-gpu-012:227728:227841 [7] NCCL INFO Channel 09/2 : 7[88000] -> 6[85000] via P2P/IPC comm 0x93adad0 nRanks 08
auh7-3b-gpu-012:227723:227837 [2] NCCL INFO Channel 01/0 : 2[5000] -> 3[8000] via P2P/IPC comm 0x6f41460 nRanks 08
auh7-3b-gpu-012:227723:227837 [2] NCCL INFO Channel 02/0 : 2[5000] -> 3[8000] via P2P/IPC comm 0x6f41460 nRanks 08
auh7-3b-gpu-012:227723:227837 [2] NCCL INFO Channel 03/0 : 2[5000] -> 3[8000] via P2P/IPC comm 0x6f41460 nRanks 08
auh7-3b-gpu-012:227723:227837 [2] NCCL INFO Channel 04/0 : 2[5000] -> 3[8000] via P2P/IPC comm 0x6f41460 nRanks 08
auh7-3b-gpu-012:227723:227837 [2] NCCL INFO Channel 05/0 : 2[5000] -> 3[8000] via P2P/IPC comm 0x6f41460 nRanks 08
auh7-3b-gpu-012:227723:227837 [2] NCCL INFO Channel 06/0 : 2[5000] -> 3[8000] via P2P/IPC comm 0x6f41460 nRanks 08
auh7-3b-gpu-012:227723:227837 [2] NCCL INFO Channel 07/0 : 2[5000] -> 3[8000] via P2P/IPC comm 0x6f41460 nRanks 08
auh7-3b-gpu-012:227723:227837 [2] NCCL INFO Channel 08/0 : 2[5000] -> 3[8000] via P2P/IPC comm 0x6f41460 nRanks 08
auh7-3b-gpu-012:227723:227837 [2] NCCL INFO Channel 09/0 : 2[5000] -> 3[8000] via P2P/IPC comm 0x6f41460 nRanks 08
auh7-3b-gpu-012:227723:227837 [2] NCCL INFO Channel 10/0 : 2[5000] -> 3[8000] via P2P/IPC comm 0x6f41460 nRanks 08
auh7-3b-gpu-012:227723:227837 [2] NCCL INFO Channel 11/0 : 2[5000] -> 3[8000] via P2P/IPC comm 0x6f41460 nRanks 08
auh7-3b-gpu-012:227723:227837 [2] NCCL INFO Channel 12/0 : 2[5000] -> 3[8000] via P2P/IPC comm 0x6f41460 nRanks 08
auh7-3b-gpu-012:227723:227837 [2] NCCL INFO Channel 13/0 : 2[5000] -> 3[8000] via P2P/IPC comm 0x6f41460 nRanks 08
auh7-3b-gpu-012:227723:227837 [2] NCCL INFO Channel 14/0 : 2[5000] -> 3[8000] via P2P/IPC comm 0x6f41460 nRanks 08
auh7-3b-gpu-012:227723:227837 [2] NCCL INFO Channel 15/0 : 2[5000] -> 3[8000] via P2P/IPC comm 0x6f41460 nRanks 08
auh7-3b-gpu-012:227723:227837 [2] NCCL INFO Channel 16/0 : 2[5000] -> 3[8000] via P2P/IPC comm 0x6f41460 nRanks 08
auh7-3b-gpu-012:227723:227837 [2] NCCL INFO Channel 17/0 : 2[5000] -> 3[8000] via P2P/IPC comm 0x6f41460 nRanks 08
auh7-3b-gpu-012:227723:227837 [2] NCCL INFO Channel 18/0 : 2[5000] -> 3[8000] via P2P/IPC comm 0x6f41460 nRanks 08
auh7-3b-gpu-012:227723:227837 [2] NCCL INFO Channel 19/0 : 2[5000] -> 3[8000] via P2P/IPC comm 0x6f41460 nRanks 08
auh7-3b-gpu-012:227723:227837 [2] NCCL INFO Channel 20/0 : 2[5000] -> 3[8000] via P2P/IPC comm 0x6f41460 nRanks 08
auh7-3b-gpu-012:227723:227837 [2] NCCL INFO Channel 21/0 : 2[5000] -> 3[8000] via P2P/IPC comm 0x6f41460 nRanks 08
auh7-3b-gpu-012:227723:227837 [2] NCCL INFO Channel 22/0 : 2[5000] -> 3[8000] via P2P/IPC comm 0x6f41460 nRanks 08
auh7-3b-gpu-012:227723:227837 [2] NCCL INFO Channel 23/0 : 2[5000] -> 3[8000] via P2P/IPC comm 0x6f41460 nRanks 08
auh7-3b-gpu-012:227723:227837 [2] NCCL INFO Channel 24/0 : 2[5000] -> 3[8000] via P2P/IPC comm 0x6f41460 nRanks 08
auh7-3b-gpu-012:227723:227837 [2] NCCL INFO Channel 25/0 : 2[5000] -> 3[8000] via P2P/IPC comm 0x6f41460 nRanks 08
auh7-3b-gpu-012:227723:227837 [2] NCCL INFO Channel 26/0 : 2[5000] -> 3[8000] via P2P/IPC comm 0x6f41460 nRanks 08
auh7-3b-gpu-012:227723:227837 [2] NCCL INFO Channel 27/0 : 2[5000] -> 3[8000] via P2P/IPC comm 0x6f41460 nRanks 08
auh7-3b-gpu-012:227723:227837 [2] NCCL INFO Channel 28/0 : 2[5000] -> 3[8000] via P2P/IPC comm 0x6f41460 nRanks 08
auh7-3b-gpu-012:227723:227837 [2] NCCL INFO Channel 29/0 : 2[5000] -> 3[8000] via P2P/IPC comm 0x6f41460 nRanks 08
auh7-3b-gpu-012:227723:227837 [2] NCCL INFO Channel 30/0 : 2[5000] -> 3[8000] via P2P/IPC comm 0x6f41460 nRanks 08
auh7-3b-gpu-012:227723:227837 [2] NCCL INFO Channel 31/0 : 2[5000] -> 3[8000] via P2P/IPC comm 0x6f41460 nRanks 08
auh7-3b-gpu-012:227724:227838 [3] NCCL INFO Channel 00/0 : 3[8000] -> 6[85000] via P2P/IPC comm 0x145395f0 nRanks 08
auh7-3b-gpu-012:227724:227838 [3] NCCL INFO Channel 01/0 : 3[8000] -> 6[85000] via P2P/IPC comm 0x145395f0 nRanks 08
auh7-3b-gpu-012:227724:227838 [3] NCCL INFO Channel 02/0 : 3[8000] -> 6[85000] via P2P/IPC comm 0x145395f0 nRanks 08
auh7-3b-gpu-012:227724:227838 [3] NCCL INFO Channel 03/0 : 3[8000] -> 6[85000] via P2P/IPC comm 0x145395f0 nRanks 08
auh7-3b-gpu-012:227725:227836 [4] NCCL INFO Channel 04/0 : 4[c5000] -> 5[c8000] via P2P/IPC comm 0x3220db90 nRanks 08
auh7-3b-gpu-012:227725:227836 [4] NCCL INFO Channel 05/0 : 4[c5000] -> 5[c8000] via P2P/IPC comm 0x3220db90 nRanks 08
auh7-3b-gpu-012:227725:227836 [4] NCCL INFO Channel 06/0 : 4[c5000] -> 5[c8000] via P2P/IPC comm 0x3220db90 nRanks 08
auh7-3b-gpu-012:227721:227834 [0] NCCL INFO Channel 24/0 : 0[47000] -> 1[4a000] via P2P/IPC comm 0x80e1af0 nRanks 08
auh7-3b-gpu-012:227728:227841 [7] NCCL INFO Channel 10/2 : 7[88000] -> 6[85000] via P2P/IPC comm 0x93adad0 nRanks 08
auh7-3b-gpu-012:227724:227838 [3] NCCL INFO Channel 04/0 : 3[8000] -> 6[85000] via P2P/IPC comm 0x145395f0 nRanks 08
auh7-3b-gpu-012:227724:227838 [3] NCCL INFO Channel 05/0 : 3[8000] -> 6[85000] via P2P/IPC comm 0x145395f0 nRanks 08
auh7-3b-gpu-012:227725:227836 [4] NCCL INFO Channel 07/0 : 4[c5000] -> 5[c8000] via P2P/IPC comm 0x3220db90 nRanks 08
auh7-3b-gpu-012:227721:227834 [0] NCCL INFO Channel 25/0 : 0[47000] -> 1[4a000] via P2P/IPC comm 0x80e1af0 nRanks 08
auh7-3b-gpu-012:227721:227834 [0] NCCL INFO Channel 26/0 : 0[47000] -> 1[4a000] via P2P/IPC comm 0x80e1af0 nRanks 08
auh7-3b-gpu-012:227721:227834 [0] NCCL INFO Channel 27/0 : 0[47000] -> 1[4a000] via P2P/IPC comm 0x80e1af0 nRanks 08
auh7-3b-gpu-012:227728:227841 [7] NCCL INFO Channel 11/2 : 7[88000] -> 6[85000] via P2P/IPC comm 0x93adad0 nRanks 08
auh7-3b-gpu-012:227724:227838 [3] NCCL INFO Channel 06/0 : 3[8000] -> 6[85000] via P2P/IPC comm 0x145395f0 nRanks 08
auh7-3b-gpu-012:227725:227836 [4] NCCL INFO Channel 08/0 : 4[c5000] -> 5[c8000] via P2P/IPC comm 0x3220db90 nRanks 08
auh7-3b-gpu-012:227721:227834 [0] NCCL INFO Channel 28/0 : 0[47000] -> 1[4a000] via P2P/IPC comm 0x80e1af0 nRanks 08
auh7-3b-gpu-012:227728:227841 [7] NCCL INFO Channel 12/2 : 7[88000] -> 6[85000] via P2P/IPC comm 0x93adad0 nRanks 08
auh7-3b-gpu-012:227728:227841 [7] NCCL INFO Channel 13/2 : 7[88000] -> 6[85000] via P2P/IPC comm 0x93adad0 nRanks 08
auh7-3b-gpu-012:227724:227838 [3] NCCL INFO Channel 07/0 : 3[8000] -> 6[85000] via P2P/IPC comm 0x145395f0 nRanks 08
auh7-3b-gpu-012:227724:227838 [3] NCCL INFO Channel 08/0 : 3[8000] -> 6[85000] via P2P/IPC comm 0x145395f0 nRanks 08
auh7-3b-gpu-012:227725:227836 [4] NCCL INFO Channel 09/0 : 4[c5000] -> 5[c8000] via P2P/IPC comm 0x3220db90 nRanks 08
auh7-3b-gpu-012:227725:227836 [4] NCCL INFO Channel 10/0 : 4[c5000] -> 5[c8000] via P2P/IPC comm 0x3220db90 nRanks 08
auh7-3b-gpu-012:227725:227836 [4] NCCL INFO Channel 11/0 : 4[c5000] -> 5[c8000] via P2P/IPC comm 0x3220db90 nRanks 08
auh7-3b-gpu-012:227725:227836 [4] NCCL INFO Channel 12/0 : 4[c5000] -> 5[c8000] via P2P/IPC comm 0x3220db90 nRanks 08
auh7-3b-gpu-012:227725:227836 [4] NCCL INFO Channel 13/0 : 4[c5000] -> 5[c8000] via P2P/IPC comm 0x3220db90 nRanks 08
auh7-3b-gpu-012:227721:227834 [0] NCCL INFO Channel 29/0 : 0[47000] -> 1[4a000] via P2P/IPC comm 0x80e1af0 nRanks 08
auh7-3b-gpu-012:227721:227834 [0] NCCL INFO Channel 30/0 : 0[47000] -> 1[4a000] via P2P/IPC comm 0x80e1af0 nRanks 08
auh7-3b-gpu-012:227721:227834 [0] NCCL INFO Channel 31/0 : 0[47000] -> 1[4a000] via P2P/IPC comm 0x80e1af0 nRanks 08
auh7-3b-gpu-012:227728:227841 [7] NCCL INFO Channel 14/2 : 7[88000] -> 6[85000] via P2P/IPC comm 0x93adad0 nRanks 08
auh7-3b-gpu-012:227721:227834 [0] NCCL INFO Connected all trees
auh7-3b-gpu-012:227721:227834 [0] NCCL INFO threadThresholds 8/8/64 | 64/8/64 | 256 | 256
auh7-3b-gpu-012:227721:227834 [0] NCCL INFO 32 coll channels, 32 collnet channels, 0 nvls channels, 32 p2p channels, 2 p2p channels per peer
auh7-3b-gpu-012:227722:227835 [1] NCCL INFO Connected all trees
auh7-3b-gpu-012:227722:227835 [1] NCCL INFO threadThresholds 8/8/64 | 64/8/64 | 256 | 256
auh7-3b-gpu-012:227722:227835 [1] NCCL INFO 32 coll channels, 32 collnet channels, 0 nvls channels, 32 p2p channels, 2 p2p channels per peer
auh7-3b-gpu-012:227724:227838 [3] NCCL INFO Channel 09/0 : 3[8000] -> 6[85000] via P2P/IPC comm 0x145395f0 nRanks 08
auh7-3b-gpu-012:227724:227838 [3] NCCL INFO Channel 10/0 : 3[8000] -> 6[85000] via P2P/IPC comm 0x145395f0 nRanks 08
auh7-3b-gpu-012:227725:227836 [4] NCCL INFO Channel 14/0 : 4[c5000] -> 5[c8000] via P2P/IPC comm 0x3220db90 nRanks 08
auh7-3b-gpu-012:227725:227836 [4] NCCL INFO Channel 15/0 : 4[c5000] -> 5[c8000] via P2P/IPC comm 0x3220db90 nRanks 08
auh7-3b-gpu-012:227725:227836 [4] NCCL INFO Channel 16/0 : 4[c5000] -> 5[c8000] via P2P/IPC comm 0x3220db90 nRanks 08
auh7-3b-gpu-012:227725:227836 [4] NCCL INFO Channel 17/0 : 4[c5000] -> 5[c8000] via P2P/IPC comm 0x3220db90 nRanks 08
auh7-3b-gpu-012:227725:227836 [4] NCCL INFO Channel 18/0 : 4[c5000] -> 5[c8000] via P2P/IPC comm 0x3220db90 nRanks 08
auh7-3b-gpu-012:227725:227836 [4] NCCL INFO Channel 19/0 : 4[c5000] -> 5[c8000] via P2P/IPC comm 0x3220db90 nRanks 08
auh7-3b-gpu-012:227728:227841 [7] NCCL INFO Channel 15/2 : 7[88000] -> 6[85000] via P2P/IPC comm 0x93adad0 nRanks 08
auh7-3b-gpu-012:227728:227841 [7] NCCL INFO Channel 16/2 : 7[88000] -> 6[85000] via P2P/IPC comm 0x93adad0 nRanks 08
auh7-3b-gpu-012:227724:227838 [3] NCCL INFO Channel 11/0 : 3[8000] -> 6[85000] via P2P/IPC comm 0x145395f0 nRanks 08
auh7-3b-gpu-012:227724:227838 [3] NCCL INFO Channel 12/0 : 3[8000] -> 6[85000] via P2P/IPC comm 0x145395f0 nRanks 08
auh7-3b-gpu-012:227725:227836 [4] NCCL INFO Channel 20/0 : 4[c5000] -> 5[c8000] via P2P/IPC comm 0x3220db90 nRanks 08
auh7-3b-gpu-012:227725:227836 [4] NCCL INFO Channel 21/0 : 4[c5000] -> 5[c8000] via P2P/IPC comm 0x3220db90 nRanks 08
auh7-3b-gpu-012:227728:227841 [7] NCCL INFO Channel 17/2 : 7[88000] -> 6[85000] via P2P/IPC comm 0x93adad0 nRanks 08
auh7-3b-gpu-012:227728:227841 [7] NCCL INFO Channel 18/2 : 7[88000] -> 6[85000] via P2P/IPC comm 0x93adad0 nRanks 08
auh7-3b-gpu-012:227724:227838 [3] NCCL INFO Channel 13/0 : 3[8000] -> 6[85000] via P2P/IPC comm 0x145395f0 nRanks 08
auh7-3b-gpu-012:227724:227838 [3] NCCL INFO Channel 14/0 : 3[8000] -> 6[85000] via P2P/IPC comm 0x145395f0 nRanks 08
auh7-3b-gpu-012:227724:227838 [3] NCCL INFO Channel 15/0 : 3[8000] -> 6[85000] via P2P/IPC comm 0x145395f0 nRanks 08
auh7-3b-gpu-012:227724:227838 [3] NCCL INFO Channel 16/0 : 3[8000] -> 6[85000] via P2P/IPC comm 0x145395f0 nRanks 08
auh7-3b-gpu-012:227724:227838 [3] NCCL INFO Channel 17/0 : 3[8000] -> 6[85000] via P2P/IPC comm 0x145395f0 nRanks 08
auh7-3b-gpu-012:227725:227836 [4] NCCL INFO Channel 22/0 : 4[c5000] -> 5[c8000] via P2P/IPC comm 0x3220db90 nRanks 08
auh7-3b-gpu-012:227725:227836 [4] NCCL INFO Channel 23/0 : 4[c5000] -> 5[c8000] via P2P/IPC comm 0x3220db90 nRanks 08
auh7-3b-gpu-012:227728:227841 [7] NCCL INFO Channel 19/2 : 7[88000] -> 6[85000] via P2P/IPC comm 0x93adad0 nRanks 08
auh7-3b-gpu-012:227724:227838 [3] NCCL INFO Channel 18/0 : 3[8000] -> 6[85000] via P2P/IPC comm 0x145395f0 nRanks 08
auh7-3b-gpu-012:227725:227836 [4] NCCL INFO Channel 24/0 : 4[c5000] -> 5[c8000] via P2P/IPC comm 0x3220db90 nRanks 08
auh7-3b-gpu-012:227725:227836 [4] NCCL INFO Channel 25/0 : 4[c5000] -> 5[c8000] via P2P/IPC comm 0x3220db90 nRanks 08
auh7-3b-gpu-012:227728:227841 [7] NCCL INFO Channel 20/2 : 7[88000] -> 6[85000] via P2P/IPC comm 0x93adad0 nRanks 08
auh7-3b-gpu-012:227724:227838 [3] NCCL INFO Channel 19/0 : 3[8000] -> 6[85000] via P2P/IPC comm 0x145395f0 nRanks 08
auh7-3b-gpu-012:227724:227838 [3] NCCL INFO Channel 20/0 : 3[8000] -> 6[85000] via P2P/IPC comm 0x145395f0 nRanks 08
auh7-3b-gpu-012:227728:227841 [7] NCCL INFO Channel 21/2 : 7[88000] -> 6[85000] via P2P/IPC comm 0x93adad0 nRanks 08
auh7-3b-gpu-012:227724:227838 [3] NCCL INFO Channel 21/0 : 3[8000] -> 6[85000] via P2P/IPC comm 0x145395f0 nRanks 08
auh7-3b-gpu-012:227724:227838 [3] NCCL INFO Channel 22/0 : 3[8000] -> 6[85000] via P2P/IPC comm 0x145395f0 nRanks 08
auh7-3b-gpu-012:227724:227838 [3] NCCL INFO Channel 23/0 : 3[8000] -> 6[85000] via P2P/IPC comm 0x145395f0 nRanks 08
auh7-3b-gpu-012:227724:227838 [3] NCCL INFO Channel 24/0 : 3[8000] -> 6[85000] via P2P/IPC comm 0x145395f0 nRanks 08
auh7-3b-gpu-012:227725:227836 [4] NCCL INFO Channel 26/0 : 4[c5000] -> 5[c8000] via P2P/IPC comm 0x3220db90 nRanks 08
auh7-3b-gpu-012:227728:227841 [7] NCCL INFO Channel 22/2 : 7[88000] -> 6[85000] via P2P/IPC comm 0x93adad0 nRanks 08
auh7-3b-gpu-012:227728:227841 [7] NCCL INFO Channel 23/2 : 7[88000] -> 6[85000] via P2P/IPC comm 0x93adad0 nRanks 08
auh7-3b-gpu-012:227724:227838 [3] NCCL INFO Channel 25/0 : 3[8000] -> 6[85000] via P2P/IPC comm 0x145395f0 nRanks 08
auh7-3b-gpu-012:227724:227838 [3] NCCL INFO Channel 26/0 : 3[8000] -> 6[85000] via P2P/IPC comm 0x145395f0 nRanks 08
auh7-3b-gpu-012:227725:227836 [4] NCCL INFO Channel 27/0 : 4[c5000] -> 5[c8000] via P2P/IPC comm 0x3220db90 nRanks 08
auh7-3b-gpu-012:227725:227836 [4] NCCL INFO Channel 28/0 : 4[c5000] -> 5[c8000] via P2P/IPC comm 0x3220db90 nRanks 08
auh7-3b-gpu-012:227728:227841 [7] NCCL INFO Channel 24/2 : 7[88000] -> 6[85000] via P2P/IPC comm 0x93adad0 nRanks 08
auh7-3b-gpu-012:227724:227838 [3] NCCL INFO Channel 27/0 : 3[8000] -> 6[85000] via P2P/IPC comm 0x145395f0 nRanks 08
auh7-3b-gpu-012:227724:227838 [3] NCCL INFO Channel 28/0 : 3[8000] -> 6[85000] via P2P/IPC comm 0x145395f0 nRanks 08
auh7-3b-gpu-012:227725:227836 [4] NCCL INFO Channel 29/0 : 4[c5000] -> 5[c8000] via P2P/IPC comm 0x3220db90 nRanks 08
auh7-3b-gpu-012:227725:227836 [4] NCCL INFO Channel 30/0 : 4[c5000] -> 5[c8000] via P2P/IPC comm 0x3220db90 nRanks 08
auh7-3b-gpu-012:227728:227841 [7] NCCL INFO Channel 25/2 : 7[88000] -> 6[85000] via P2P/IPC comm 0x93adad0 nRanks 08
auh7-3b-gpu-012:227728:227841 [7] NCCL INFO Channel 26/2 : 7[88000] -> 6[85000] via P2P/IPC comm 0x93adad0 nRanks 08
auh7-3b-gpu-012:227724:227838 [3] NCCL INFO Channel 29/0 : 3[8000] -> 6[85000] via P2P/IPC comm 0x145395f0 nRanks 08
auh7-3b-gpu-012:227724:227838 [3] NCCL INFO Channel 30/0 : 3[8000] -> 6[85000] via P2P/IPC comm 0x145395f0 nRanks 08
auh7-3b-gpu-012:227724:227838 [3] NCCL INFO Channel 31/0 : 3[8000] -> 6[85000] via P2P/IPC comm 0x145395f0 nRanks 08
auh7-3b-gpu-012:227725:227836 [4] NCCL INFO Channel 31/0 : 4[c5000] -> 5[c8000] via P2P/IPC comm 0x3220db90 nRanks 08
auh7-3b-gpu-012:227728:227841 [7] NCCL INFO Channel 27/2 : 7[88000] -> 6[85000] via P2P/IPC comm 0x93adad0 nRanks 08
auh7-3b-gpu-012:227728:227841 [7] NCCL INFO Channel 28/2 : 7[88000] -> 6[85000] via P2P/IPC comm 0x93adad0 nRanks 08
auh7-3b-gpu-012:227728:227841 [7] NCCL INFO Channel 29/2 : 7[88000] -> 6[85000] via P2P/IPC comm 0x93adad0 nRanks 08
auh7-3b-gpu-012:227728:227841 [7] NCCL INFO Channel 30/2 : 7[88000] -> 6[85000] via P2P/IPC comm 0x93adad0 nRanks 08
auh7-3b-gpu-012:227728:227841 [7] NCCL INFO Channel 31/2 : 7[88000] -> 6[85000] via P2P/IPC comm 0x93adad0 nRanks 08
auh7-3b-gpu-012:227727:227840 [6] NCCL INFO Connected all rings comm 0x2bfa4d50 nRanks 08 busId 85000
auh7-3b-gpu-012:227727:227840 [6] NCCL INFO Channel 00/0 : 6[85000] -> 7[88000] via P2P/IPC comm 0x2bfa4d50 nRanks 08
auh7-3b-gpu-012:227727:227840 [6] NCCL INFO Channel 01/0 : 6[85000] -> 7[88000] via P2P/IPC comm 0x2bfa4d50 nRanks 08
auh7-3b-gpu-012:227728:227841 [7] NCCL INFO Connected all rings comm 0x93adad0 nRanks 08 busId 88000
auh7-3b-gpu-012:227727:227840 [6] NCCL INFO Channel 02/0 : 6[85000] -> 7[88000] via P2P/IPC comm 0x2bfa4d50 nRanks 08
auh7-3b-gpu-012:227727:227840 [6] NCCL INFO Channel 03/0 : 6[85000] -> 7[88000] via P2P/IPC comm 0x2bfa4d50 nRanks 08
auh7-3b-gpu-012:227727:227840 [6] NCCL INFO Channel 04/0 : 6[85000] -> 7[88000] via P2P/IPC comm 0x2bfa4d50 nRanks 08
auh7-3b-gpu-012:227727:227840 [6] NCCL INFO Channel 05/0 : 6[85000] -> 7[88000] via P2P/IPC comm 0x2bfa4d50 nRanks 08
auh7-3b-gpu-012:227727:227840 [6] NCCL INFO Channel 06/0 : 6[85000] -> 7[88000] via P2P/IPC comm 0x2bfa4d50 nRanks 08
auh7-3b-gpu-012:227727:227840 [6] NCCL INFO Channel 07/0 : 6[85000] -> 7[88000] via P2P/IPC comm 0x2bfa4d50 nRanks 08
auh7-3b-gpu-012:227727:227840 [6] NCCL INFO Channel 08/0 : 6[85000] -> 7[88000] via P2P/IPC comm 0x2bfa4d50 nRanks 08
auh7-3b-gpu-012:227727:227840 [6] NCCL INFO Channel 09/0 : 6[85000] -> 7[88000] via P2P/IPC comm 0x2bfa4d50 nRanks 08
auh7-3b-gpu-012:227727:227840 [6] NCCL INFO Channel 10/0 : 6[85000] -> 7[88000] via P2P/IPC comm 0x2bfa4d50 nRanks 08
auh7-3b-gpu-012:227727:227840 [6] NCCL INFO Channel 11/0 : 6[85000] -> 7[88000] via P2P/IPC comm 0x2bfa4d50 nRanks 08
auh7-3b-gpu-012:227727:227840 [6] NCCL INFO Channel 12/0 : 6[85000] -> 7[88000] via P2P/IPC comm 0x2bfa4d50 nRanks 08
auh7-3b-gpu-012:227727:227840 [6] NCCL INFO Channel 13/0 : 6[85000] -> 7[88000] via P2P/IPC comm 0x2bfa4d50 nRanks 08
auh7-3b-gpu-012:227727:227840 [6] NCCL INFO Channel 14/0 : 6[85000] -> 7[88000] via P2P/IPC comm 0x2bfa4d50 nRanks 08
auh7-3b-gpu-012:227727:227840 [6] NCCL INFO Channel 15/0 : 6[85000] -> 7[88000] via P2P/IPC comm 0x2bfa4d50 nRanks 08
auh7-3b-gpu-012:227727:227840 [6] NCCL INFO Channel 16/0 : 6[85000] -> 7[88000] via P2P/IPC comm 0x2bfa4d50 nRanks 08
auh7-3b-gpu-012:227727:227840 [6] NCCL INFO Channel 17/0 : 6[85000] -> 7[88000] via P2P/IPC comm 0x2bfa4d50 nRanks 08
auh7-3b-gpu-012:227727:227840 [6] NCCL INFO Channel 18/0 : 6[85000] -> 7[88000] via P2P/IPC comm 0x2bfa4d50 nRanks 08
auh7-3b-gpu-012:227727:227840 [6] NCCL INFO Channel 19/0 : 6[85000] -> 7[88000] via P2P/IPC comm 0x2bfa4d50 nRanks 08
auh7-3b-gpu-012:227727:227840 [6] NCCL INFO Channel 20/0 : 6[85000] -> 7[88000] via P2P/IPC comm 0x2bfa4d50 nRanks 08
auh7-3b-gpu-012:227727:227840 [6] NCCL INFO Channel 21/0 : 6[85000] -> 7[88000] via P2P/IPC comm 0x2bfa4d50 nRanks 08
auh7-3b-gpu-012:227727:227840 [6] NCCL INFO Channel 22/0 : 6[85000] -> 7[88000] via P2P/IPC comm 0x2bfa4d50 nRanks 08
auh7-3b-gpu-012:227727:227840 [6] NCCL INFO Channel 23/0 : 6[85000] -> 7[88000] via P2P/IPC comm 0x2bfa4d50 nRanks 08
auh7-3b-gpu-012:227727:227840 [6] NCCL INFO Channel 24/0 : 6[85000] -> 7[88000] via P2P/IPC comm 0x2bfa4d50 nRanks 08
auh7-3b-gpu-012:227727:227840 [6] NCCL INFO Channel 25/0 : 6[85000] -> 7[88000] via P2P/IPC comm 0x2bfa4d50 nRanks 08
auh7-3b-gpu-012:227727:227840 [6] NCCL INFO Channel 26/0 : 6[85000] -> 7[88000] via P2P/IPC comm 0x2bfa4d50 nRanks 08
auh7-3b-gpu-012:227727:227840 [6] NCCL INFO Channel 27/0 : 6[85000] -> 7[88000] via P2P/IPC comm 0x2bfa4d50 nRanks 08
auh7-3b-gpu-012:227727:227840 [6] NCCL INFO Channel 28/0 : 6[85000] -> 7[88000] via P2P/IPC comm 0x2bfa4d50 nRanks 08
auh7-3b-gpu-012:227727:227840 [6] NCCL INFO Channel 29/0 : 6[85000] -> 7[88000] via P2P/IPC comm 0x2bfa4d50 nRanks 08
auh7-3b-gpu-012:227727:227840 [6] NCCL INFO Channel 30/0 : 6[85000] -> 7[88000] via P2P/IPC comm 0x2bfa4d50 nRanks 08
auh7-3b-gpu-012:227727:227840 [6] NCCL INFO Channel 31/0 : 6[85000] -> 7[88000] via P2P/IPC comm 0x2bfa4d50 nRanks 08
auh7-3b-gpu-012:227728:227841 [7] NCCL INFO Channel 00/0 : 7[88000] -> 4[c5000] via P2P/IPC comm 0x93adad0 nRanks 08
auh7-3b-gpu-012:227723:227837 [2] NCCL INFO Connected all trees
auh7-3b-gpu-012:227723:227837 [2] NCCL INFO threadThresholds 8/8/64 | 64/8/64 | 256 | 256
auh7-3b-gpu-012:227723:227837 [2] NCCL INFO 32 coll channels, 32 collnet channels, 0 nvls channels, 32 p2p channels, 2 p2p channels per peer
auh7-3b-gpu-012:227728:227841 [7] NCCL INFO Channel 01/0 : 7[88000] -> 4[c5000] via P2P/IPC comm 0x93adad0 nRanks 08
auh7-3b-gpu-012:227728:227841 [7] NCCL INFO Channel 02/0 : 7[88000] -> 4[c5000] via P2P/IPC comm 0x93adad0 nRanks 08
auh7-3b-gpu-012:227728:227841 [7] NCCL INFO Channel 03/0 : 7[88000] -> 4[c5000] via P2P/IPC comm 0x93adad0 nRanks 08
auh7-3b-gpu-012:227728:227841 [7] NCCL INFO Channel 04/0 : 7[88000] -> 4[c5000] via P2P/IPC comm 0x93adad0 nRanks 08
auh7-3b-gpu-012:227728:227841 [7] NCCL INFO Channel 05/0 : 7[88000] -> 4[c5000] via P2P/IPC comm 0x93adad0 nRanks 08
auh7-3b-gpu-012:227728:227841 [7] NCCL INFO Channel 06/0 : 7[88000] -> 4[c5000] via P2P/IPC comm 0x93adad0 nRanks 08
auh7-3b-gpu-012:227728:227841 [7] NCCL INFO Channel 07/0 : 7[88000] -> 4[c5000] via P2P/IPC comm 0x93adad0 nRanks 08
auh7-3b-gpu-012:227728:227841 [7] NCCL INFO Channel 08/0 : 7[88000] -> 4[c5000] via P2P/IPC comm 0x93adad0 nRanks 08
auh7-3b-gpu-012:227728:227841 [7] NCCL INFO Channel 09/0 : 7[88000] -> 4[c5000] via P2P/IPC comm 0x93adad0 nRanks 08
auh7-3b-gpu-012:227728:227841 [7] NCCL INFO Channel 10/0 : 7[88000] -> 4[c5000] via P2P/IPC comm 0x93adad0 nRanks 08
auh7-3b-gpu-012:227728:227841 [7] NCCL INFO Channel 11/0 : 7[88000] -> 4[c5000] via P2P/IPC comm 0x93adad0 nRanks 08
auh7-3b-gpu-012:227728:227841 [7] NCCL INFO Channel 12/0 : 7[88000] -> 4[c5000] via P2P/IPC comm 0x93adad0 nRanks 08
auh7-3b-gpu-012:227728:227841 [7] NCCL INFO Channel 13/0 : 7[88000] -> 4[c5000] via P2P/IPC comm 0x93adad0 nRanks 08
auh7-3b-gpu-012:227728:227841 [7] NCCL INFO Channel 14/0 : 7[88000] -> 4[c5000] via P2P/IPC comm 0x93adad0 nRanks 08
auh7-3b-gpu-012:227728:227841 [7] NCCL INFO Channel 15/0 : 7[88000] -> 4[c5000] via P2P/IPC comm 0x93adad0 nRanks 08
auh7-3b-gpu-012:227728:227841 [7] NCCL INFO Channel 16/0 : 7[88000] -> 4[c5000] via P2P/IPC comm 0x93adad0 nRanks 08
auh7-3b-gpu-012:227728:227841 [7] NCCL INFO Channel 17/0 : 7[88000] -> 4[c5000] via P2P/IPC comm 0x93adad0 nRanks 08
auh7-3b-gpu-012:227728:227841 [7] NCCL INFO Channel 18/0 : 7[88000] -> 4[c5000] via P2P/IPC comm 0x93adad0 nRanks 08
auh7-3b-gpu-012:227728:227841 [7] NCCL INFO Channel 19/0 : 7[88000] -> 4[c5000] via P2P/IPC comm 0x93adad0 nRanks 08
auh7-3b-gpu-012:227728:227841 [7] NCCL INFO Channel 20/0 : 7[88000] -> 4[c5000] via P2P/IPC comm 0x93adad0 nRanks 08
auh7-3b-gpu-012:227728:227841 [7] NCCL INFO Channel 21/0 : 7[88000] -> 4[c5000] via P2P/IPC comm 0x93adad0 nRanks 08
auh7-3b-gpu-012:227728:227841 [7] NCCL INFO Channel 22/0 : 7[88000] -> 4[c5000] via P2P/IPC comm 0x93adad0 nRanks 08
auh7-3b-gpu-012:227728:227841 [7] NCCL INFO Channel 23/0 : 7[88000] -> 4[c5000] via P2P/IPC comm 0x93adad0 nRanks 08
auh7-3b-gpu-012:227728:227841 [7] NCCL INFO Channel 24/0 : 7[88000] -> 4[c5000] via P2P/IPC comm 0x93adad0 nRanks 08
auh7-3b-gpu-012:227728:227841 [7] NCCL INFO Channel 25/0 : 7[88000] -> 4[c5000] via P2P/IPC comm 0x93adad0 nRanks 08
auh7-3b-gpu-012:227728:227841 [7] NCCL INFO Channel 26/0 : 7[88000] -> 4[c5000] via P2P/IPC comm 0x93adad0 nRanks 08
auh7-3b-gpu-012:227728:227841 [7] NCCL INFO Channel 27/0 : 7[88000] -> 4[c5000] via P2P/IPC comm 0x93adad0 nRanks 08
auh7-3b-gpu-012:227728:227841 [7] NCCL INFO Channel 28/0 : 7[88000] -> 4[c5000] via P2P/IPC comm 0x93adad0 nRanks 08
auh7-3b-gpu-012:227728:227841 [7] NCCL INFO Channel 29/0 : 7[88000] -> 4[c5000] via P2P/IPC comm 0x93adad0 nRanks 08
auh7-3b-gpu-012:227728:227841 [7] NCCL INFO Channel 30/0 : 7[88000] -> 4[c5000] via P2P/IPC comm 0x93adad0 nRanks 08
auh7-3b-gpu-012:227728:227841 [7] NCCL INFO Channel 31/0 : 7[88000] -> 4[c5000] via P2P/IPC comm 0x93adad0 nRanks 08
auh7-3b-gpu-012:227727:227840 [6] NCCL INFO Connected all trees
auh7-3b-gpu-012:227727:227840 [6] NCCL INFO threadThresholds 8/8/64 | 64/8/64 | 256 | 256
auh7-3b-gpu-012:227727:227840 [6] NCCL INFO 32 coll channels, 32 collnet channels, 0 nvls channels, 32 p2p channels, 2 p2p channels per peer
auh7-3b-gpu-012:227724:227838 [3] NCCL INFO Connected all trees
auh7-3b-gpu-012:227724:227838 [3] NCCL INFO threadThresholds 8/8/64 | 64/8/64 | 256 | 256
auh7-3b-gpu-012:227724:227838 [3] NCCL INFO 32 coll channels, 32 collnet channels, 0 nvls channels, 32 p2p channels, 2 p2p channels per peer
auh7-3b-gpu-012:227726:227839 [5] NCCL INFO Connected all trees
auh7-3b-gpu-012:227726:227839 [5] NCCL INFO threadThresholds 8/8/64 | 64/8/64 | 256 | 256
auh7-3b-gpu-012:227726:227839 [5] NCCL INFO 32 coll channels, 32 collnet channels, 0 nvls channels, 32 p2p channels, 2 p2p channels per peer
auh7-3b-gpu-012:227728:227841 [7] NCCL INFO Connected all trees
auh7-3b-gpu-012:227728:227841 [7] NCCL INFO threadThresholds 8/8/64 | 64/8/64 | 256 | 256
auh7-3b-gpu-012:227728:227841 [7] NCCL INFO 32 coll channels, 32 collnet channels, 0 nvls channels, 32 p2p channels, 2 p2p channels per peer
auh7-3b-gpu-012:227725:227836 [4] NCCL INFO Connected all trees
auh7-3b-gpu-012:227725:227836 [4] NCCL INFO threadThresholds 8/8/64 | 64/8/64 | 256 | 256
auh7-3b-gpu-012:227725:227836 [4] NCCL INFO 32 coll channels, 32 collnet channels, 0 nvls channels, 32 p2p channels, 2 p2p channels per peer

auh7-3b-gpu-012:227727:227840 [6] /long_pathname_so_that_rpms_can_package_the_debug_info/src/rccl/build/hipify/src/init.cc:2065 NCCL WARN MSCCL++: Cannot enable MSCCL++; environment is not MSCCL compatible

auh7-3b-gpu-012:227723:227837 [2] /long_pathname_so_that_rpms_can_package_the_debug_info/src/rccl/build/hipify/src/init.cc:2065 NCCL WARN MSCCL++: Cannot enable MSCCL++; environment is not MSCCL compatible
auh7-3b-gpu-012:227723:227837 [2] NCCL INFO TUNER/Plugin: No plugin found (librccl-tuner.so)

auh7-3b-gpu-012:227728:227841 [7] /long_pathname_so_that_rpms_can_package_the_debug_info/src/rccl/build/hipify/src/init.cc:2065 NCCL WARN MSCCL++: Cannot enable MSCCL++; environment is not MSCCL compatible
auh7-3b-gpu-012:227728:227841 [7] NCCL INFO TUNER/Plugin: No plugin found (librccl-tuner.so)

auh7-3b-gpu-012:227722:227835 [1] /long_pathname_so_that_rpms_can_package_the_debug_info/src/rccl/build/hipify/src/init.cc:2065 NCCL WARN MSCCL++: Cannot enable MSCCL++; environment is not MSCCL compatible
auh7-3b-gpu-012:227722:227835 [1] NCCL INFO TUNER/Plugin: No plugin found (librccl-tuner.so)
auh7-3b-gpu-012:227722:227835 [1] NCCL INFO TUNER/Plugin: No plugin found (librccl-net.so)
auh7-3b-gpu-012:227722:227835 [1] NCCL INFO TUNER/Plugin: Plugin load returned 2 : librccl-net.so: cannot open shared object file: No such file or directory : when loading librccl-tuner.so
auh7-3b-gpu-012:227722:227835 [1] NCCL INFO TUNER/Plugin: Using internal tuner plugin.
auh7-3b-gpu-012:227722:227835 [1] NCCL INFO ncclCommInitRank comm 0x236f0b30 rank 1 nranks 8 cudaDev 1 nvmlDev 3 busId 4a000 commId 0xb67352fbc9a43c13 localSize 296 used 1074054496 bytes on core 1 - Init COMPLETE

auh7-3b-gpu-012:227726:227839 [5] /long_pathname_so_that_rpms_can_package_the_debug_info/src/rccl/build/hipify/src/init.cc:2065 NCCL WARN MSCCL++: Cannot enable MSCCL++; environment is not MSCCL compatible
auh7-3b-gpu-012:227726:227839 [5] NCCL INFO TUNER/Plugin: No plugin found (librccl-tuner.so)
auh7-3b-gpu-012:227726:227839 [5] NCCL INFO TUNER/Plugin: No plugin found (librccl-net.so)
auh7-3b-gpu-012:227726:227839 [5] NCCL INFO TUNER/Plugin: Plugin load returned 2 : librccl-net.so: cannot open shared object file: No such file or directory : when loading librccl-tuner.so
auh7-3b-gpu-012:227726:227839 [5] NCCL INFO TUNER/Plugin: Using internal tuner plugin.
auh7-3b-gpu-012:227726:227839 [5] NCCL INFO ncclCommInitRank comm 0x1587dba0 rank 5 nranks 8 cudaDev 5 nvmlDev 7 busId c8000 commId 0xb67352fbc9a43c13 localSize 296 used 962905440 bytes on core 5 - Init COMPLETE

auh7-3b-gpu-012:227725:227836 [4] /long_pathname_so_that_rpms_can_package_the_debug_info/src/rccl/build/hipify/src/init.cc:2065 NCCL WARN MSCCL++: Cannot enable MSCCL++; environment is not MSCCL compatible
auh7-3b-gpu-012:227725:227836 [4] NCCL INFO TUNER/Plugin: No plugin found (librccl-tuner.so)
auh7-3b-gpu-012:227725:227836 [4] NCCL INFO TUNER/Plugin: No plugin found (librccl-net.so)
auh7-3b-gpu-012:227725:227836 [4] NCCL INFO TUNER/Plugin: Plugin load returned 2 : librccl-net.so: cannot open shared object file: No such file or directory : when loading librccl-tuner.so
auh7-3b-gpu-012:227725:227836 [4] NCCL INFO TUNER/Plugin: Using internal tuner plugin.
auh7-3b-gpu-012:227725:227836 [4] NCCL INFO ncclCommInitRank comm 0x3220db90 rank 4 nranks 8 cudaDev 4 nvmlDev 6 busId c5000 commId 0xb67352fbc9a43c13 localSize 296 used 1074054496 bytes on core 4 - Init COMPLETE

auh7-3b-gpu-012:227724:227838 [3] /long_pathname_so_that_rpms_can_package_the_debug_info/src/rccl/build/hipify/src/init.cc:2065 NCCL WARN MSCCL++: Cannot enable MSCCL++; environment is not MSCCL compatible
auh7-3b-gpu-012:227724:227838 [3] NCCL INFO TUNER/Plugin: No plugin found (librccl-tuner.so)
auh7-3b-gpu-012:227724:227838 [3] NCCL INFO TUNER/Plugin: No plugin found (librccl-net.so)
auh7-3b-gpu-012:227724:227838 [3] NCCL INFO TUNER/Plugin: Plugin load returned 2 : librccl-net.so: cannot open shared object file: No such file or directory : when loading librccl-tuner.so
auh7-3b-gpu-012:227724:227838 [3] NCCL INFO TUNER/Plugin: Using internal tuner plugin.
auh7-3b-gpu-012:227724:227838 [3] NCCL INFO ncclCommInitRank comm 0x145395f0 rank 3 nranks 8 cudaDev 3 nvmlDev 1 busId 8000 commId 0xb67352fbc9a43c13 localSize 296 used 1074054496 bytes on core 3 - Init COMPLETE
auh7-3b-gpu-012:227727:227840 [6] NCCL INFO TUNER/Plugin: No plugin found (librccl-tuner.so)
auh7-3b-gpu-012:227727:227840 [6] NCCL INFO TUNER/Plugin: No plugin found (librccl-net.so)
auh7-3b-gpu-012:227727:227840 [6] NCCL INFO TUNER/Plugin: Plugin load returned 2 : librccl-net.so: cannot open shared object file: No such file or directory : when loading librccl-tuner.so
auh7-3b-gpu-012:227727:227840 [6] NCCL INFO TUNER/Plugin: Using internal tuner plugin.
auh7-3b-gpu-012:227727:227840 [6] NCCL INFO ncclCommInitRank comm 0x2bfa4d50 rank 6 nranks 8 cudaDev 6 nvmlDev 4 busId 85000 commId 0xb67352fbc9a43c13 localSize 296 used 1074054496 bytes on core 70 - Init COMPLETE
auh7-3b-gpu-012:227723:227837 [2] NCCL INFO TUNER/Plugin: No plugin found (librccl-net.so)
auh7-3b-gpu-012:227723:227837 [2] NCCL INFO TUNER/Plugin: Plugin load returned 2 : librccl-net.so: cannot open shared object file: No such file or directory : when loading librccl-tuner.so
auh7-3b-gpu-012:227723:227837 [2] NCCL INFO TUNER/Plugin: Using internal tuner plugin.
auh7-3b-gpu-012:227723:227837 [2] NCCL INFO ncclCommInitRank comm 0x6f41460 rank 2 nranks 8 cudaDev 2 nvmlDev 0 busId 5000 commId 0xb67352fbc9a43c13 localSize 296 used 1074054496 bytes on core 2 - Init COMPLETE
auh7-3b-gpu-012:227728:227841 [7] NCCL INFO TUNER/Plugin: No plugin found (librccl-net.so)
auh7-3b-gpu-012:227728:227841 [7] NCCL INFO TUNER/Plugin: Plugin load returned 2 : librccl-net.so: cannot open shared object file: No such file or directory : when loading librccl-tuner.so
auh7-3b-gpu-012:227728:227841 [7] NCCL INFO TUNER/Plugin: Using internal tuner plugin.
auh7-3b-gpu-012:227728:227841 [7] NCCL INFO ncclCommInitRank comm 0x93adad0 rank 7 nranks 8 cudaDev 7 nvmlDev 5 busId 88000 commId 0xb67352fbc9a43c13 localSize 296 used 1074054496 bytes on core 71 - Init COMPLETE

auh7-3b-gpu-012:227721:227834 [0] /long_pathname_so_that_rpms_can_package_the_debug_info/src/rccl/build/hipify/src/init.cc:2065 NCCL WARN MSCCL++: Cannot enable MSCCL++; environment is not MSCCL compatible
auh7-3b-gpu-012:227721:227834 [0] NCCL INFO TUNER/Plugin: No plugin found (librccl-tuner.so)
auh7-3b-gpu-012:227721:227834 [0] NCCL INFO TUNER/Plugin: No plugin found (librccl-net.so)
auh7-3b-gpu-012:227721:227834 [0] NCCL INFO TUNER/Plugin: Plugin load returned 2 : librccl-net.so: cannot open shared object file: No such file or directory : when loading librccl-tuner.so
auh7-3b-gpu-012:227721:227834 [0] NCCL INFO TUNER/Plugin: Using internal tuner plugin.
auh7-3b-gpu-012:227721:227834 [0] NCCL INFO ncclCommInitRank comm 0x80e1af0 rank 0 nranks 8 cudaDev 0 nvmlDev 2 busId 47000 commId 0xb67352fbc9a43c13 localSize 296 used 954516832 bytes on core 0 - Init COMPLETE
#
#                                                              out-of-place                       in-place          
#       size         count      type   redop    root     time   algbw   busbw #wrong     time   algbw   busbw #wrong
#        (B)    (elements)                               (us)  (GB/s)  (GB/s)            (us)  (GB/s)  (GB/s)       
           8             2     float     sum      -1    41.22    0.00    0.00      0    40.84    0.00    0.00      0
          16             4     float     sum      -1    40.53    0.00    0.00      0    41.08    0.00    0.00      0
          32             8     float     sum      -1    32.62    0.00    0.00      0    25.22    0.00    0.00      0
          64            16     float     sum      -1    25.82    0.00    0.00      0    25.55    0.00    0.00      0
         128            32     float     sum      -1    25.55    0.01    0.01      0    25.71    0.00    0.01      0
