auh7-3b-gpu-006:290863:290977 [1] NCCL INFO Channel 04/0 : 1[4a000] -> 0[47000] via P2P/IPC comm 0x3c4ae050 nRanks 08
auh7-3b-gpu-006:290863:290977 [1] NCCL INFO Channel 06/0 : 1[4a000] -> 0[47000] via P2P/IPC comm 0x3c4ae050 nRanks 08
auh7-3b-gpu-006:290863:290977 [1] NCCL INFO Channel 09/0 : 1[4a000] -> 0[47000] via P2P/IPC comm 0x3c4ae050 nRanks 08
auh7-3b-gpu-006:290863:290977 [1] NCCL INFO Channel 11/0 : 1[4a000] -> 0[47000] via P2P/IPC comm 0x3c4ae050 nRanks 08
auh7-3b-gpu-006:290865:290978 [3] NCCL INFO Channel 02/0 : 3[8000] -> 0[47000] via P2P/IPC comm 0x581a9a0 nRanks 08
auh7-3b-gpu-006:290865:290978 [3] NCCL INFO Channel 07/0 : 3[8000] -> 0[47000] via P2P/IPC comm 0x581a9a0 nRanks 08
auh7-3b-gpu-006:290869:290980 [7] NCCL INFO Channel 00/0 : 7[88000] -> 4[c5000] via P2P/IPC comm 0x622e240 nRanks 08
auh7-3b-gpu-006:290869:290980 [7] NCCL INFO Channel 06/0 : 7[88000] -> 4[c5000] via P2P/IPC comm 0x622e240 nRanks 08
auh7-3b-gpu-006:290865:290978 [3] NCCL INFO Channel 10/0 : 3[8000] -> 0[47000] via P2P/IPC comm 0x581a9a0 nRanks 08
auh7-3b-gpu-006:290868:290979 [6] NCCL INFO Channel 03/0 : 6[85000] -> 4[c5000] via P2P/IPC comm 0x833f200 nRanks 08
auh7-3b-gpu-006:290865:290978 [3] NCCL INFO Channel 01/0 : 3[8000] -> 2[5000] via P2P/IPC comm 0x581a9a0 nRanks 08
auh7-3b-gpu-006:290865:290978 [3] NCCL INFO Channel 03/0 : 3[8000] -> 2[5000] via P2P/IPC comm 0x581a9a0 nRanks 08
auh7-3b-gpu-006:290868:290979 [6] NCCL INFO Channel 05/0 : 6[85000] -> 4[c5000] via P2P/IPC comm 0x833f200 nRanks 08
auh7-3b-gpu-006:290865:290978 [3] NCCL INFO Channel 04/0 : 3[8000] -> 2[5000] via P2P/IPC comm 0x581a9a0 nRanks 08
auh7-3b-gpu-006:290865:290978 [3] NCCL INFO Channel 06/0 : 3[8000] -> 2[5000] via P2P/IPC comm 0x581a9a0 nRanks 08
auh7-3b-gpu-006:290865:290978 [3] NCCL INFO Channel 09/0 : 3[8000] -> 2[5000] via P2P/IPC comm 0x581a9a0 nRanks 08
auh7-3b-gpu-006:290865:290978 [3] NCCL INFO Channel 11/0 : 3[8000] -> 2[5000] via P2P/IPC comm 0x581a9a0 nRanks 08
auh7-3b-gpu-006:290869:290980 [7] NCCL INFO Channel 08/0 : 7[88000] -> 4[c5000] via P2P/IPC comm 0x622e240 nRanks 08
auh7-3b-gpu-006:290869:290980 [7] NCCL INFO Channel 02/0 : 7[88000] -> 5[c8000] via P2P/IPC comm 0x622e240 nRanks 08
auh7-3b-gpu-006:290868:290979 [6] NCCL INFO Channel 11/0 : 6[85000] -> 4[c5000] via P2P/IPC comm 0x833f200 nRanks 08
auh7-3b-gpu-006:290869:290980 [7] NCCL INFO Channel 03/0 : 7[88000] -> 5[c8000] via P2P/IPC comm 0x622e240 nRanks 08
auh7-3b-gpu-006:290868:290979 [6] NCCL INFO Channel 06/0 : 6[85000] -> 5[c8000] via P2P/IPC comm 0x833f200 nRanks 08
auh7-3b-gpu-006:290869:290980 [7] NCCL INFO Channel 10/0 : 7[88000] -> 5[c8000] via P2P/IPC comm 0x622e240 nRanks 08
auh7-3b-gpu-006:290869:290980 [7] NCCL INFO Channel 11/0 : 7[88000] -> 5[c8000] via P2P/IPC comm 0x622e240 nRanks 08
auh7-3b-gpu-006:290864:290981 [2] NCCL INFO Channel 01/0 : 2[5000] -> 1[4a000] via P2P/IPC comm 0x1143a630 nRanks 08
auh7-3b-gpu-006:290868:290979 [6] NCCL INFO Channel 07/0 : 6[85000] -> 5[c8000] via P2P/IPC comm 0x833f200 nRanks 08
auh7-3b-gpu-006:290869:290980 [7] NCCL INFO Channel 04/0 : 7[88000] -> 6[85000] via P2P/IPC comm 0x622e240 nRanks 08
auh7-3b-gpu-006:290869:290980 [7] NCCL INFO Channel 05/0 : 7[88000] -> 6[85000] via P2P/IPC comm 0x622e240 nRanks 08
auh7-3b-gpu-006:290867:290982 [5] NCCL INFO Channel 01/0 : 5[c8000] -> 4[c5000] via P2P/IPC comm 0xf050620 nRanks 08
auh7-3b-gpu-006:290864:290981 [2] NCCL INFO Channel 04/0 : 2[5000] -> 1[4a000] via P2P/IPC comm 0x1143a630 nRanks 08
auh7-3b-gpu-006:290864:290981 [2] NCCL INFO Channel 09/0 : 2[5000] -> 1[4a000] via P2P/IPC comm 0x1143a630 nRanks 08
auh7-3b-gpu-006:290867:290982 [5] NCCL INFO Channel 04/0 : 5[c8000] -> 4[c5000] via P2P/IPC comm 0xf050620 nRanks 08
auh7-3b-gpu-006:290867:290982 [5] NCCL INFO Channel 09/0 : 5[c8000] -> 4[c5000] via P2P/IPC comm 0xf050620 nRanks 08
auh7-3b-gpu-006:290862:290975 [0] NCCL INFO Channel 00/2 : 0[47000] -> 1[4a000] via P2P/IPC comm 0xbe47dc0 nRanks 08
auh7-3b-gpu-006:290866:290976 [4] NCCL INFO Channel 00/2 : 4[c5000] -> 5[c8000] via P2P/IPC comm 0x16259a90 nRanks 08
auh7-3b-gpu-006:290867:290982 [5] NCCL INFO Channel 02/2 : 5[c8000] -> 6[85000] via P2P/IPC comm 0xf050620 nRanks 08
auh7-3b-gpu-006:290867:290982 [5] NCCL INFO Channel 03/2 : 5[c8000] -> 6[85000] via P2P/IPC comm 0xf050620 nRanks 08
auh7-3b-gpu-006:290862:290975 [0] NCCL INFO Channel 02/2 : 0[47000] -> 1[4a000] via P2P/IPC comm 0xbe47dc0 nRanks 08
auh7-3b-gpu-006:290866:290976 [4] NCCL INFO Channel 05/2 : 4[c5000] -> 5[c8000] via P2P/IPC comm 0x16259a90 nRanks 08
auh7-3b-gpu-006:290868:290979 [6] NCCL INFO Channel 00/2 : 6[85000] -> 7[88000] via P2P/IPC comm 0x833f200 nRanks 08
auh7-3b-gpu-006:290868:290979 [6] NCCL INFO Channel 01/2 : 6[85000] -> 7[88000] via P2P/IPC comm 0x833f200 nRanks 08
auh7-3b-gpu-006:290868:290979 [6] NCCL INFO Channel 08/2 : 6[85000] -> 7[88000] via P2P/IPC comm 0x833f200 nRanks 08
auh7-3b-gpu-006:290868:290979 [6] NCCL INFO Channel 09/2 : 6[85000] -> 7[88000] via P2P/IPC comm 0x833f200 nRanks 08
auh7-3b-gpu-006:290864:290981 [2] NCCL INFO Channel 00/2 : 2[5000] -> 3[8000] via P2P/IPC comm 0x1143a630 nRanks 08
auh7-3b-gpu-006:290864:290981 [2] NCCL INFO Channel 02/2 : 2[5000] -> 3[8000] via P2P/IPC comm 0x1143a630 nRanks 08
auh7-3b-gpu-006:290864:290981 [2] NCCL INFO Channel 05/2 : 2[5000] -> 3[8000] via P2P/IPC comm 0x1143a630 nRanks 08
auh7-3b-gpu-006:290864:290981 [2] NCCL INFO Channel 07/2 : 2[5000] -> 3[8000] via P2P/IPC comm 0x1143a630 nRanks 08
auh7-3b-gpu-006:290864:290981 [2] NCCL INFO Channel 08/2 : 2[5000] -> 3[8000] via P2P/IPC comm 0x1143a630 nRanks 08
auh7-3b-gpu-006:290864:290981 [2] NCCL INFO Channel 10/2 : 2[5000] -> 3[8000] via P2P/IPC comm 0x1143a630 nRanks 08
auh7-3b-gpu-006:290865:290978 [3] NCCL INFO Channel 00/2 : 3[8000] -> 6[85000] via P2P/IPC comm 0x581a9a0 nRanks 08
auh7-3b-gpu-006:290866:290976 [4] NCCL INFO Channel 08/2 : 4[c5000] -> 5[c8000] via P2P/IPC comm 0x16259a90 nRanks 08
auh7-3b-gpu-006:290862:290975 [0] NCCL INFO Channel 05/2 : 0[47000] -> 1[4a000] via P2P/IPC comm 0xbe47dc0 nRanks 08
auh7-3b-gpu-006:290867:290982 [5] NCCL INFO Channel 10/2 : 5[c8000] -> 6[85000] via P2P/IPC comm 0xf050620 nRanks 08
auh7-3b-gpu-006:290862:290975 [0] NCCL INFO Channel 07/2 : 0[47000] -> 1[4a000] via P2P/IPC comm 0xbe47dc0 nRanks 08
auh7-3b-gpu-006:290862:290975 [0] NCCL INFO Channel 08/2 : 0[47000] -> 1[4a000] via P2P/IPC comm 0xbe47dc0 nRanks 08
auh7-3b-gpu-006:290862:290975 [0] NCCL INFO Channel 10/2 : 0[47000] -> 1[4a000] via P2P/IPC comm 0xbe47dc0 nRanks 08
auh7-3b-gpu-006:290867:290982 [5] NCCL INFO Channel 11/2 : 5[c8000] -> 6[85000] via P2P/IPC comm 0xf050620 nRanks 08
auh7-3b-gpu-006:290865:290978 [3] NCCL INFO Channel 08/2 : 3[8000] -> 6[85000] via P2P/IPC comm 0x581a9a0 nRanks 08
auh7-3b-gpu-006:290866:290976 [4] NCCL INFO Channel 01/2 : 4[c5000] -> 6[85000] via P2P/IPC comm 0x16259a90 nRanks 08
auh7-3b-gpu-006:290867:290982 [5] NCCL INFO Channel 06/2 : 5[c8000] -> 7[88000] via P2P/IPC comm 0xf050620 nRanks 08
auh7-3b-gpu-006:290863:290977 [1] NCCL INFO Channel 00/2 : 1[4a000] -> 2[5000] via P2P/IPC comm 0x3c4ae050 nRanks 08
auh7-3b-gpu-006:290863:290977 [1] NCCL INFO Channel 05/2 : 1[4a000] -> 2[5000] via P2P/IPC comm 0x3c4ae050 nRanks 08
auh7-3b-gpu-006:290866:290976 [4] NCCL INFO Channel 07/2 : 4[c5000] -> 6[85000] via P2P/IPC comm 0x16259a90 nRanks 08
auh7-3b-gpu-006:290867:290982 [5] NCCL INFO Channel 07/2 : 5[c8000] -> 7[88000] via P2P/IPC comm 0xf050620 nRanks 08
auh7-3b-gpu-006:290869:290980 [7] NCCL INFO Channel 07/2 : 7[88000] -> 2[5000] via P2P/IPC comm 0x622e240 nRanks 08
auh7-3b-gpu-006:290863:290977 [1] NCCL INFO Channel 08/2 : 1[4a000] -> 2[5000] via P2P/IPC comm 0x3c4ae050 nRanks 08
auh7-3b-gpu-006:290863:290977 [1] NCCL INFO Channel 02/2 : 1[4a000] -> 4[c5000] via P2P/IPC comm 0x3c4ae050 nRanks 08
auh7-3b-gpu-006:290866:290976 [4] NCCL INFO Channel 09/2 : 4[c5000] -> 6[85000] via P2P/IPC comm 0x16259a90 nRanks 08
auh7-3b-gpu-006:290866:290976 [4] NCCL INFO Channel 07/2 : 1[4a000] -> 4[c5000] [receive] via NET/IB/2/GDRDMA comm 0x16259a90 nRanks 08
auh7-3b-gpu-006:290862:290975 [0] NCCL INFO Channel 00/2 : 5[c8000] -> 0[47000] [receive] via NET/IB/0/GDRDMA comm 0xbe47dc0 nRanks 08
auh7-3b-gpu-006:290868:290979 [6] NCCL INFO Channel 06/2 : 2[5000] -> 6[85000] [receive] via NET/IB/3/GDRDMA comm 0x833f200 nRanks 08
auh7-3b-gpu-006:290868:290979 [6] NCCL INFO Channel 02/2 : 6[85000] -> 2[5000] [send] via NET/IB/3/GDRDMA comm 0x833f200 nRanks 08
auh7-3b-gpu-006:290868:290979 [6] NCCL INFO Channel 10/2 : 6[85000] -> 2[5000] [send] via NET/IB/3/GDRDMA comm 0x833f200 nRanks 08
auh7-3b-gpu-006:290867:290982 [5] NCCL INFO Channel 00/2 : 5[c8000] -> 0[47000] [send] via NET/IB/2/GDRDMA comm 0xf050620 nRanks 08
auh7-3b-gpu-006:290867:290982 [5] NCCL INFO Channel 05/2 : 5[c8000] -> 0[47000] via P2P/IPC comm 0xf050620 nRanks 08
auh7-3b-gpu-006:290863:290977 [1] NCCL INFO Channel 07/2 : 1[4a000] -> 4[c5000] [send] via NET/IB/0/GDRDMA comm 0x3c4ae050 nRanks 08
auh7-3b-gpu-006:290863:290977 [1] NCCL INFO Channel 10/2 : 1[4a000] -> 4[c5000] via P2P/IPC comm 0x3c4ae050 nRanks 08
auh7-3b-gpu-006:290864:290981 [2] NCCL INFO Channel 02/2 : 6[85000] -> 2[5000] [receive] via NET/IB/1/GDRDMA comm 0x1143a630 nRanks 08
auh7-3b-gpu-006:290866:290976 [4] NCCL INFO Channel 02/2 : 4[c5000] -> 7[88000] via P2P/IPC comm 0x16259a90 nRanks 08
auh7-3b-gpu-006:290862:290975 [0] NCCL INFO Channel 08/2 : 5[c8000] -> 0[47000] [receive] via NET/IB/0/GDRDMA comm 0xbe47dc0 nRanks 08
auh7-3b-gpu-006:290862:290975 [0] NCCL INFO Channel 03/2 : 0[47000] -> 3[8000] via P2P/IPC comm 0xbe47dc0 nRanks 08
auh7-3b-gpu-006:290866:290976 [4] NCCL INFO Channel 04/2 : 4[c5000] -> 7[88000] via P2P/IPC comm 0x16259a90 nRanks 08
auh7-3b-gpu-006:290867:290982 [5] NCCL INFO Channel 08/2 : 5[c8000] -> 0[47000] [send] via NET/IB/2/GDRDMA comm 0xf050620 nRanks 08
auh7-3b-gpu-006:290864:290981 [2] NCCL INFO Channel 10/2 : 6[85000] -> 2[5000] [receive] via NET/IB/1/GDRDMA comm 0x1143a630 nRanks 08
auh7-3b-gpu-006:290866:290976 [4] NCCL INFO Channel 10/2 : 4[c5000] -> 7[88000] via P2P/IPC comm 0x16259a90 nRanks 08
auh7-3b-gpu-006:290862:290975 [0] NCCL INFO Channel 06/2 : 0[47000] -> 3[8000] via P2P/IPC comm 0xbe47dc0 nRanks 08
auh7-3b-gpu-006:290863:290977 [1] NCCL INFO Channel 03/2 : 4[c5000] -> 1[4a000] [receive] via NET/IB/0/GDRDMA comm 0x3c4ae050 nRanks 08
auh7-3b-gpu-006:290863:290977 [1] NCCL INFO Channel 11/2 : 4[c5000] -> 1[4a000] [receive] via NET/IB/0/GDRDMA comm 0x3c4ae050 nRanks 08
auh7-3b-gpu-006:290866:290976 [4] NCCL INFO Channel 03/2 : 4[c5000] -> 1[4a000] [send] via NET/IB/2/GDRDMA comm 0x16259a90 nRanks 08
auh7-3b-gpu-006:290866:290976 [4] NCCL INFO Channel 06/2 : 4[c5000] -> 1[4a000] via P2P/IPC comm 0x16259a90 nRanks 08
auh7-3b-gpu-006:290864:290981 [2] NCCL INFO Channel 06/2 : 2[5000] -> 6[85000] [send] via NET/IB/1/GDRDMA comm 0x1143a630 nRanks 08
auh7-3b-gpu-006:290868:290979 [6] NCCL INFO Channel 04/2 : 6[85000] -> 3[8000] via P2P/IPC comm 0x833f200 nRanks 08
auh7-3b-gpu-006:290864:290981 [2] NCCL INFO Channel 03/2 : 2[5000] -> 7[88000] via P2P/IPC comm 0x1143a630 nRanks 08
auh7-3b-gpu-006:290862:290975 [0] NCCL INFO Channel 11/2 : 0[47000] -> 3[8000] via P2P/IPC comm 0xbe47dc0 nRanks 08
auh7-3b-gpu-006:290866:290976 [4] NCCL INFO Channel 11/2 : 4[c5000] -> 1[4a000] [send] via NET/IB/2/GDRDMA comm 0x16259a90 nRanks 08
auh7-3b-gpu-006:290867:290982 [5] NCCL INFO Channel 04/2 : 0[47000] -> 5[c8000] [receive] via NET/IB/2/GDRDMA comm 0xf050620 nRanks 08
auh7-3b-gpu-006:290863:290977 [1] NCCL INFO Channel 01/2 : 1[4a000] -> 0[47000] via P2P/IPC comm 0x3c4ae050 nRanks 08
auh7-3b-gpu-006:290863:290977 [1] NCCL INFO Channel 03/2 : 1[4a000] -> 0[47000] via P2P/IPC comm 0x3c4ae050 nRanks 08
auh7-3b-gpu-006:290862:290975 [0] NCCL INFO Channel 01/2 : 0[47000] -> 5[c8000] via P2P/IPC comm 0xbe47dc0 nRanks 08
auh7-3b-gpu-006:290863:290977 [1] NCCL INFO Channel 04/2 : 1[4a000] -> 0[47000] via P2P/IPC comm 0x3c4ae050 nRanks 08
auh7-3b-gpu-006:290863:290977 [1] NCCL INFO Channel 06/2 : 1[4a000] -> 0[47000] via P2P/IPC comm 0x3c4ae050 nRanks 08
auh7-3b-gpu-006:290863:290977 [1] NCCL INFO Channel 09/2 : 1[4a000] -> 0[47000] via P2P/IPC comm 0x3c4ae050 nRanks 08
auh7-3b-gpu-006:290863:290977 [1] NCCL INFO Channel 11/2 : 1[4a000] -> 0[47000] via P2P/IPC comm 0x3c4ae050 nRanks 08
auh7-3b-gpu-006:290869:290980 [7] NCCL INFO Channel 05/2 : 3[8000] -> 7[88000] [receive] via NET/IB/3/GDRDMA comm 0x622e240 nRanks 08
auh7-3b-gpu-006:290864:290981 [2] NCCL INFO Channel 11/2 : 2[5000] -> 7[88000] via P2P/IPC comm 0x1143a630 nRanks 08
auh7-3b-gpu-006:290865:290978 [3] NCCL INFO Channel 01/2 : 7[88000] -> 3[8000] [receive] via NET/IB/1/GDRDMA comm 0x581a9a0 nRanks 08
auh7-3b-gpu-006:290862:290975 [0] NCCL INFO Channel 04/2 : 0[47000] -> 5[c8000] [send] via NET/IB/0/GDRDMA comm 0xbe47dc0 nRanks 08
auh7-3b-gpu-006:290862:290975 [0] NCCL INFO Channel 09/2 : 0[47000] -> 5[c8000] via P2P/IPC comm 0xbe47dc0 nRanks 08
auh7-3b-gpu-006:290865:290978 [3] NCCL INFO Channel 09/2 : 7[88000] -> 3[8000] [receive] via NET/IB/1/GDRDMA comm 0x581a9a0 nRanks 08
auh7-3b-gpu-006:290865:290978 [3] NCCL INFO Channel 05/2 : 3[8000] -> 7[88000] [send] via NET/IB/1/GDRDMA comm 0x581a9a0 nRanks 08
auh7-3b-gpu-006:290869:290980 [7] NCCL INFO Channel 01/2 : 7[88000] -> 3[8000] [send] via NET/IB/3/GDRDMA comm 0x622e240 nRanks 08
auh7-3b-gpu-006:290869:290980 [7] NCCL INFO Channel 09/2 : 7[88000] -> 3[8000] [send] via NET/IB/3/GDRDMA comm 0x622e240 nRanks 08
auh7-3b-gpu-006:290869:290980 [7] NCCL INFO Channel 00/2 : 7[88000] -> 4[c5000] via P2P/IPC comm 0x622e240 nRanks 08
auh7-3b-gpu-006:290869:290980 [7] NCCL INFO Channel 06/2 : 7[88000] -> 4[c5000] via P2P/IPC comm 0x622e240 nRanks 08
auh7-3b-gpu-006:290865:290978 [3] NCCL INFO Channel 02/2 : 3[8000] -> 0[47000] via P2P/IPC comm 0x581a9a0 nRanks 08
auh7-3b-gpu-006:290865:290978 [3] NCCL INFO Channel 07/2 : 3[8000] -> 0[47000] via P2P/IPC comm 0x581a9a0 nRanks 08
auh7-3b-gpu-006:290869:290980 [7] NCCL INFO Channel 08/2 : 7[88000] -> 4[c5000] via P2P/IPC comm 0x622e240 nRanks 08
auh7-3b-gpu-006:290869:290980 [7] NCCL INFO Channel 02/2 : 7[88000] -> 5[c8000] via P2P/IPC comm 0x622e240 nRanks 08
auh7-3b-gpu-006:290865:290978 [3] NCCL INFO Channel 10/2 : 3[8000] -> 0[47000] via P2P/IPC comm 0x581a9a0 nRanks 08
auh7-3b-gpu-006:290868:290979 [6] NCCL INFO Channel 03/2 : 6[85000] -> 4[c5000] via P2P/IPC comm 0x833f200 nRanks 08
auh7-3b-gpu-006:290865:290978 [3] NCCL INFO Channel 01/2 : 3[8000] -> 2[5000] via P2P/IPC comm 0x581a9a0 nRanks 08
auh7-3b-gpu-006:290869:290980 [7] NCCL INFO Channel 03/2 : 7[88000] -> 5[c8000] via P2P/IPC comm 0x622e240 nRanks 08
auh7-3b-gpu-006:290869:290980 [7] NCCL INFO Channel 10/2 : 7[88000] -> 5[c8000] via P2P/IPC comm 0x622e240 nRanks 08
auh7-3b-gpu-006:290869:290980 [7] NCCL INFO Channel 11/2 : 7[88000] -> 5[c8000] via P2P/IPC comm 0x622e240 nRanks 08
auh7-3b-gpu-006:290865:290978 [3] NCCL INFO Channel 03/2 : 3[8000] -> 2[5000] via P2P/IPC comm 0x581a9a0 nRanks 08
auh7-3b-gpu-006:290868:290979 [6] NCCL INFO Channel 05/2 : 6[85000] -> 4[c5000] via P2P/IPC comm 0x833f200 nRanks 08
auh7-3b-gpu-006:290868:290979 [6] NCCL INFO Channel 11/2 : 6[85000] -> 4[c5000] via P2P/IPC comm 0x833f200 nRanks 08
auh7-3b-gpu-006:290869:290980 [7] NCCL INFO Channel 04/2 : 7[88000] -> 6[85000] via P2P/IPC comm 0x622e240 nRanks 08
auh7-3b-gpu-006:290867:290982 [5] NCCL INFO Channel 01/2 : 5[c8000] -> 4[c5000] via P2P/IPC comm 0xf050620 nRanks 08
auh7-3b-gpu-006:290867:290982 [5] NCCL INFO Channel 04/2 : 5[c8000] -> 4[c5000] via P2P/IPC comm 0xf050620 nRanks 08
auh7-3b-gpu-006:290867:290982 [5] NCCL INFO Channel 09/2 : 5[c8000] -> 4[c5000] via P2P/IPC comm 0xf050620 nRanks 08
auh7-3b-gpu-006:290864:290981 [2] NCCL INFO Channel 01/2 : 2[5000] -> 1[4a000] via P2P/IPC comm 0x1143a630 nRanks 08
auh7-3b-gpu-006:290864:290981 [2] NCCL INFO Channel 04/2 : 2[5000] -> 1[4a000] via P2P/IPC comm 0x1143a630 nRanks 08
auh7-3b-gpu-006:290864:290981 [2] NCCL INFO Channel 09/2 : 2[5000] -> 1[4a000] via P2P/IPC comm 0x1143a630 nRanks 08
auh7-3b-gpu-006:290865:290978 [3] NCCL INFO Channel 04/2 : 3[8000] -> 2[5000] via P2P/IPC comm 0x581a9a0 nRanks 08
auh7-3b-gpu-006:290869:290980 [7] NCCL INFO Channel 05/2 : 7[88000] -> 6[85000] via P2P/IPC comm 0x622e240 nRanks 08
auh7-3b-gpu-006:290868:290979 [6] NCCL INFO Channel 06/2 : 6[85000] -> 5[c8000] via P2P/IPC comm 0x833f200 nRanks 08
auh7-3b-gpu-006:290866:291021 [4] NCCL INFO NCCL_IB_GID_INDEX set by environment to 3.
auh7-3b-gpu-006:290865:290978 [3] NCCL INFO Channel 06/2 : 3[8000] -> 2[5000] via P2P/IPC comm 0x581a9a0 nRanks 08
auh7-3b-gpu-006:290865:290978 [3] NCCL INFO Channel 09/2 : 3[8000] -> 2[5000] via P2P/IPC comm 0x581a9a0 nRanks 08
auh7-3b-gpu-006:290863:291016 [1] NCCL INFO NCCL_IB_GID_INDEX set by environment to 3.
auh7-3b-gpu-006:290863:290977 [1] NCCL INFO Connected all rings comm 0x3c4ae050 nRanks 08 busId 4a000
auh7-3b-gpu-006:290866:290976 [4] NCCL INFO Connected all rings comm 0x16259a90 nRanks 08 busId c5000
auh7-3b-gpu-006:290866:290976 [4] NCCL INFO Channel 01/0 : 4[c5000] -> 5[c8000] via P2P/IPC comm 0x16259a90 nRanks 08
auh7-3b-gpu-006:290868:290979 [6] NCCL INFO Channel 07/2 : 6[85000] -> 5[c8000] via P2P/IPC comm 0x833f200 nRanks 08
auh7-3b-gpu-006:290867:291029 [5] NCCL INFO NCCL_IB_GID_INDEX set by environment to 3.
auh7-3b-gpu-006:290868:291020 [6] NCCL INFO NCCL_IB_GID_INDEX set by environment to 3.
auh7-3b-gpu-006:290869:291019 [7] NCCL INFO NCCL_IB_GID_INDEX set by environment to 3.
auh7-3b-gpu-006:290865:290978 [3] NCCL INFO Channel 11/2 : 3[8000] -> 2[5000] via P2P/IPC comm 0x581a9a0 nRanks 08
auh7-3b-gpu-006:290862:291017 [0] NCCL INFO NCCL_IB_GID_INDEX set by environment to 3.
auh7-3b-gpu-006:290864:291028 [2] NCCL INFO NCCL_IB_GID_INDEX set by environment to 3.
auh7-3b-gpu-006:290866:290976 [4] NCCL INFO Channel 04/0 : 4[c5000] -> 5[c8000] via P2P/IPC comm 0x16259a90 nRanks 08
auh7-3b-gpu-006:290866:290976 [4] NCCL INFO Channel 09/0 : 4[c5000] -> 5[c8000] via P2P/IPC comm 0x16259a90 nRanks 08
auh7-3b-gpu-006:290867:290982 [5] NCCL INFO Connected all rings comm 0xf050620 nRanks 08 busId c8000
auh7-3b-gpu-006:290862:290975 [0] NCCL INFO Connected all rings comm 0xbe47dc0 nRanks 08 busId 47000
auh7-3b-gpu-006:290862:290975 [0] NCCL INFO Channel 01/0 : 0[47000] -> 1[4a000] via P2P/IPC comm 0xbe47dc0 nRanks 08
auh7-3b-gpu-006:290862:290975 [0] NCCL INFO Channel 03/0 : 0[47000] -> 1[4a000] via P2P/IPC comm 0xbe47dc0 nRanks 08
auh7-3b-gpu-006:290868:290979 [6] NCCL INFO Connected all rings comm 0x833f200 nRanks 08 busId 85000
auh7-3b-gpu-006:290864:290981 [2] NCCL INFO Connected all rings comm 0x1143a630 nRanks 08 busId 5000
auh7-3b-gpu-006:290867:290982 [5] NCCL INFO Channel 06/0 : 5[c8000] -> 6[85000] via P2P/IPC comm 0xf050620 nRanks 08
auh7-3b-gpu-006:290868:290979 [6] NCCL INFO Channel 04/0 : 6[85000] -> 7[88000] via P2P/IPC comm 0x833f200 nRanks 08
auh7-3b-gpu-006:290867:290982 [5] NCCL INFO Channel 07/0 : 5[c8000] -> 6[85000] via P2P/IPC comm 0xf050620 nRanks 08
auh7-3b-gpu-006:290868:290979 [6] NCCL INFO Channel 05/0 : 6[85000] -> 7[88000] via P2P/IPC comm 0x833f200 nRanks 08
auh7-3b-gpu-006:290865:291018 [3] NCCL INFO NCCL_IB_GID_INDEX set by environment to 3.
auh7-3b-gpu-006:290862:290975 [0] NCCL INFO Channel 04/0 : 0[47000] -> 1[4a000] via P2P/IPC comm 0xbe47dc0 nRanks 08
auh7-3b-gpu-006:290866:290976 [4] NCCL INFO Channel 03/0 : 4[c5000] -> 6[85000] via P2P/IPC comm 0x16259a90 nRanks 08
auh7-3b-gpu-006:290863:290977 [1] NCCL INFO Channel 01/0 : 1[4a000] -> 2[5000] via P2P/IPC comm 0x3c4ae050 nRanks 08
auh7-3b-gpu-006:290862:290975 [0] NCCL INFO Channel 06/0 : 0[47000] -> 1[4a000] via P2P/IPC comm 0xbe47dc0 nRanks 08
auh7-3b-gpu-006:290863:290977 [1] NCCL INFO Channel 04/0 : 1[4a000] -> 2[5000] via P2P/IPC comm 0x3c4ae050 nRanks 08
auh7-3b-gpu-006:290867:290982 [5] NCCL INFO Channel 02/0 : 5[c8000] -> 7[88000] via P2P/IPC comm 0xf050620 nRanks 08
auh7-3b-gpu-006:290867:290982 [5] NCCL INFO Channel 03/0 : 5[c8000] -> 7[88000] via P2P/IPC comm 0xf050620 nRanks 08
auh7-3b-gpu-006:290867:290982 [5] NCCL INFO Channel 10/0 : 5[c8000] -> 7[88000] via P2P/IPC comm 0xf050620 nRanks 08
auh7-3b-gpu-006:290867:290982 [5] NCCL INFO Channel 11/0 : 5[c8000] -> 7[88000] via P2P/IPC comm 0xf050620 nRanks 08
auh7-3b-gpu-006:290864:290981 [2] NCCL INFO Channel 01/0 : 2[5000] -> 3[8000] via P2P/IPC comm 0x1143a630 nRanks 08
auh7-3b-gpu-006:290864:290981 [2] NCCL INFO Channel 03/0 : 2[5000] -> 3[8000] via P2P/IPC comm 0x1143a630 nRanks 08
auh7-3b-gpu-006:290864:290981 [2] NCCL INFO Channel 04/0 : 2[5000] -> 3[8000] via P2P/IPC comm 0x1143a630 nRanks 08
auh7-3b-gpu-006:290864:290981 [2] NCCL INFO Channel 06/0 : 2[5000] -> 3[8000] via P2P/IPC comm 0x1143a630 nRanks 08
auh7-3b-gpu-006:290864:290981 [2] NCCL INFO Channel 09/0 : 2[5000] -> 3[8000] via P2P/IPC comm 0x1143a630 nRanks 08
auh7-3b-gpu-006:290864:290981 [2] NCCL INFO Channel 11/0 : 2[5000] -> 3[8000] via P2P/IPC comm 0x1143a630 nRanks 08
auh7-3b-gpu-006:290865:290978 [3] NCCL INFO Connected all rings comm 0x581a9a0 nRanks 08 busId 8000
auh7-3b-gpu-006:290869:290980 [7] NCCL INFO Connected all rings comm 0x622e240 nRanks 08 busId 88000
auh7-3b-gpu-006:290869:290980 [7] NCCL INFO Channel 03/0 : 7[88000] -> 2[5000] via P2P/IPC comm 0x622e240 nRanks 08
auh7-3b-gpu-006:290867:290982 [5] NCCL INFO Channel 01/0 : 5[c8000] -> 0[47000] via P2P/IPC comm 0xf050620 nRanks 08
auh7-3b-gpu-006:290867:290982 [5] NCCL INFO Channel 09/0 : 5[c8000] -> 0[47000] via P2P/IPC comm 0xf050620 nRanks 08
auh7-3b-gpu-006:290863:290977 [1] NCCL INFO Channel 09/0 : 1[4a000] -> 2[5000] via P2P/IPC comm 0x3c4ae050 nRanks 08
auh7-3b-gpu-006:290862:290975 [0] NCCL INFO Channel 09/0 : 0[47000] -> 1[4a000] via P2P/IPC comm 0xbe47dc0 nRanks 08
auh7-3b-gpu-006:290866:290976 [4] NCCL INFO Channel 05/0 : 4[c5000] -> 6[85000] via P2P/IPC comm 0x16259a90 nRanks 08
auh7-3b-gpu-006:290862:290975 [0] NCCL INFO Channel 11/0 : 0[47000] -> 1[4a000] via P2P/IPC comm 0xbe47dc0 nRanks 08
auh7-3b-gpu-006:290866:290976 [4] NCCL INFO Channel 11/0 : 4[c5000] -> 6[85000] via P2P/IPC comm 0x16259a90 nRanks 08
auh7-3b-gpu-006:290866:290976 [4] NCCL INFO Channel 00/0 : 4[c5000] -> 7[88000] via P2P/IPC comm 0x16259a90 nRanks 08
auh7-3b-gpu-006:290866:290976 [4] NCCL INFO Channel 06/0 : 4[c5000] -> 7[88000] via P2P/IPC comm 0x16259a90 nRanks 08
auh7-3b-gpu-006:290869:290980 [7] NCCL INFO Channel 11/0 : 7[88000] -> 2[5000] via P2P/IPC comm 0x622e240 nRanks 08
auh7-3b-gpu-006:290866:290976 [4] NCCL INFO Channel 08/0 : 4[c5000] -> 7[88000] via P2P/IPC comm 0x16259a90 nRanks 08
auh7-3b-gpu-006:290863:290977 [1] NCCL INFO Channel 06/0 : 1[4a000] -> 4[c5000] via P2P/IPC comm 0x3c4ae050 nRanks 08
auh7-3b-gpu-006:290866:290976 [4] NCCL INFO Channel 02/0 : 4[c5000] -> 1[4a000] via P2P/IPC comm 0x16259a90 nRanks 08
auh7-3b-gpu-006:290866:290976 [4] NCCL INFO Channel 10/0 : 4[c5000] -> 1[4a000] via P2P/IPC comm 0x16259a90 nRanks 08
auh7-3b-gpu-006:290864:290981 [2] NCCL INFO Channel 07/0 : 2[5000] -> 7[88000] via P2P/IPC comm 0x1143a630 nRanks 08
auh7-3b-gpu-006:290865:290978 [3] NCCL INFO Channel 04/0 : 3[8000] -> 6[85000] via P2P/IPC comm 0x581a9a0 nRanks 08
auh7-3b-gpu-006:290869:290980 [7] NCCL INFO Channel 02/0 : 7[88000] -> 4[c5000] via P2P/IPC comm 0x622e240 nRanks 08
auh7-3b-gpu-006:290869:290980 [7] NCCL INFO Channel 04/0 : 7[88000] -> 4[c5000] via P2P/IPC comm 0x622e240 nRanks 08
auh7-3b-gpu-006:290869:290980 [7] NCCL INFO Channel 10/0 : 7[88000] -> 4[c5000] via P2P/IPC comm 0x622e240 nRanks 08
auh7-3b-gpu-006:290863:290977 [1] NCCL INFO Channel 00/0 : 1[4a000] -> 0[47000] via P2P/IPC comm 0x3c4ae050 nRanks 08
auh7-3b-gpu-006:290863:290977 [1] NCCL INFO Channel 02/0 : 1[4a000] -> 0[47000] via P2P/IPC comm 0x3c4ae050 nRanks 08
auh7-3b-gpu-006:290863:290977 [1] NCCL INFO Channel 05/0 : 1[4a000] -> 0[47000] via P2P/IPC comm 0x3c4ae050 nRanks 08
auh7-3b-gpu-006:290863:290977 [1] NCCL INFO Channel 07/0 : 1[4a000] -> 0[47000] via P2P/IPC comm 0x3c4ae050 nRanks 08
auh7-3b-gpu-006:290863:290977 [1] NCCL INFO Channel 08/0 : 1[4a000] -> 0[47000] via P2P/IPC comm 0x3c4ae050 nRanks 08
auh7-3b-gpu-006:290863:290977 [1] NCCL INFO Channel 10/0 : 1[4a000] -> 0[47000] via P2P/IPC comm 0x3c4ae050 nRanks 08
auh7-3b-gpu-006:290868:290979 [6] NCCL INFO Channel 00/0 : 6[85000] -> 3[8000] via P2P/IPC comm 0x833f200 nRanks 08
auh7-3b-gpu-006:290868:290979 [6] NCCL INFO Channel 08/0 : 6[85000] -> 3[8000] via P2P/IPC comm 0x833f200 nRanks 08
auh7-3b-gpu-006:290862:290975 [0] NCCL INFO Channel 02/0 : 0[47000] -> 3[8000] via P2P/IPC comm 0xbe47dc0 nRanks 08
auh7-3b-gpu-006:290869:290980 [7] NCCL INFO Channel 06/0 : 7[88000] -> 5[c8000] via P2P/IPC comm 0x622e240 nRanks 08
auh7-3b-gpu-006:290869:290980 [7] NCCL INFO Channel 07/0 : 7[88000] -> 5[c8000] via P2P/IPC comm 0x622e240 nRanks 08
auh7-3b-gpu-006:290862:290975 [0] NCCL INFO Channel 07/0 : 0[47000] -> 3[8000] via P2P/IPC comm 0xbe47dc0 nRanks 08
auh7-3b-gpu-006:290864:290981 [2] NCCL INFO Channel 00/0 : 2[5000] -> 1[4a000] via P2P/IPC comm 0x1143a630 nRanks 08
auh7-3b-gpu-006:290862:290975 [0] NCCL INFO Channel 10/0 : 0[47000] -> 3[8000] via P2P/IPC comm 0xbe47dc0 nRanks 08
auh7-3b-gpu-006:290862:290975 [0] NCCL INFO Channel 05/0 : 0[47000] -> 5[c8000] via P2P/IPC comm 0xbe47dc0 nRanks 08
auh7-3b-gpu-006:290864:290981 [2] NCCL INFO Channel 05/0 : 2[5000] -> 1[4a000] via P2P/IPC comm 0x1143a630 nRanks 08
auh7-3b-gpu-006:290864:290981 [2] NCCL INFO Channel 08/0 : 2[5000] -> 1[4a000] via P2P/IPC comm 0x1143a630 nRanks 08
auh7-3b-gpu-006:290865:290978 [3] NCCL INFO Channel 03/0 : 3[8000] -> 0[47000] via P2P/IPC comm 0x581a9a0 nRanks 08
auh7-3b-gpu-006:290865:290978 [3] NCCL INFO Channel 06/0 : 3[8000] -> 0[47000] via P2P/IPC comm 0x581a9a0 nRanks 08
auh7-3b-gpu-006:290865:290978 [3] NCCL INFO Channel 11/0 : 3[8000] -> 0[47000] via P2P/IPC comm 0x581a9a0 nRanks 08
auh7-3b-gpu-006:290868:290979 [6] NCCL INFO Channel 01/0 : 6[85000] -> 4[c5000] via P2P/IPC comm 0x833f200 nRanks 08
auh7-3b-gpu-006:290865:290978 [3] NCCL INFO Channel 00/0 : 3[8000] -> 2[5000] via P2P/IPC comm 0x581a9a0 nRanks 08
auh7-3b-gpu-006:290865:290978 [3] NCCL INFO Channel 02/0 : 3[8000] -> 2[5000] via P2P/IPC comm 0x581a9a0 nRanks 08
auh7-3b-gpu-006:290865:290978 [3] NCCL INFO Channel 05/0 : 3[8000] -> 2[5000] via P2P/IPC comm 0x581a9a0 nRanks 08
auh7-3b-gpu-006:290865:290978 [3] NCCL INFO Channel 07/0 : 3[8000] -> 2[5000] via P2P/IPC comm 0x581a9a0 nRanks 08
auh7-3b-gpu-006:290865:290978 [3] NCCL INFO Channel 08/0 : 3[8000] -> 2[5000] via P2P/IPC comm 0x581a9a0 nRanks 08
auh7-3b-gpu-006:290865:290978 [3] NCCL INFO Channel 10/0 : 3[8000] -> 2[5000] via P2P/IPC comm 0x581a9a0 nRanks 08
auh7-3b-gpu-006:290868:290979 [6] NCCL INFO Channel 07/0 : 6[85000] -> 4[c5000] via P2P/IPC comm 0x833f200 nRanks 08
auh7-3b-gpu-006:290869:290980 [7] NCCL INFO Channel 00/0 : 7[88000] -> 6[85000] via P2P/IPC comm 0x622e240 nRanks 08
auh7-3b-gpu-006:290868:290979 [6] NCCL INFO Channel 09/0 : 6[85000] -> 4[c5000] via P2P/IPC comm 0x833f200 nRanks 08
auh7-3b-gpu-006:290869:290980 [7] NCCL INFO Channel 01/0 : 7[88000] -> 6[85000] via P2P/IPC comm 0x622e240 nRanks 08
auh7-3b-gpu-006:290867:290982 [5] NCCL INFO Channel 00/0 : 5[c8000] -> 4[c5000] via P2P/IPC comm 0xf050620 nRanks 08
auh7-3b-gpu-006:290867:290982 [5] NCCL INFO Channel 05/0 : 5[c8000] -> 4[c5000] via P2P/IPC comm 0xf050620 nRanks 08
auh7-3b-gpu-006:290869:290980 [7] NCCL INFO Channel 08/0 : 7[88000] -> 6[85000] via P2P/IPC comm 0x622e240 nRanks 08
auh7-3b-gpu-006:290867:290982 [5] NCCL INFO Channel 08/0 : 5[c8000] -> 4[c5000] via P2P/IPC comm 0xf050620 nRanks 08
auh7-3b-gpu-006:290868:290979 [6] NCCL INFO Channel 02/0 : 6[85000] -> 5[c8000] via P2P/IPC comm 0x833f200 nRanks 08
auh7-3b-gpu-006:290869:290980 [7] NCCL INFO Channel 09/0 : 7[88000] -> 6[85000] via P2P/IPC comm 0x622e240 nRanks 08
auh7-3b-gpu-006:290868:290979 [6] NCCL INFO Channel 03/0 : 6[85000] -> 5[c8000] via P2P/IPC comm 0x833f200 nRanks 08
auh7-3b-gpu-006:290868:290979 [6] NCCL INFO Channel 10/0 : 6[85000] -> 5[c8000] via P2P/IPC comm 0x833f200 nRanks 08
auh7-3b-gpu-006:290868:290979 [6] NCCL INFO Channel 11/0 : 6[85000] -> 5[c8000] via P2P/IPC comm 0x833f200 nRanks 08
auh7-3b-gpu-006:290862:290975 [0] NCCL INFO Connected all trees
auh7-3b-gpu-006:290862:290975 [0] NCCL INFO threadThresholds 8/8/64 | 64/8/64 | 256 | 256
auh7-3b-gpu-006:290862:290975 [0] NCCL INFO 12 coll channels, 12 collnet channels, 0 nvls channels, 16 p2p channels, 2 p2p channels per peer
auh7-3b-gpu-006:290863:290977 [1] NCCL INFO Connected all trees
auh7-3b-gpu-006:290863:290977 [1] NCCL INFO threadThresholds 8/8/64 | 64/8/64 | 256 | 256
auh7-3b-gpu-006:290863:290977 [1] NCCL INFO 12 coll channels, 12 collnet channels, 0 nvls channels, 16 p2p channels, 2 p2p channels per peer
auh7-3b-gpu-006:290864:290981 [2] NCCL INFO Connected all trees
auh7-3b-gpu-006:290864:290981 [2] NCCL INFO threadThresholds 8/8/64 | 64/8/64 | 256 | 256
auh7-3b-gpu-006:290864:290981 [2] NCCL INFO 12 coll channels, 12 collnet channels, 0 nvls channels, 16 p2p channels, 2 p2p channels per peer
auh7-3b-gpu-006:290865:290978 [3] NCCL INFO Connected all trees
auh7-3b-gpu-006:290865:290978 [3] NCCL INFO threadThresholds 8/8/64 | 64/8/64 | 256 | 256
auh7-3b-gpu-006:290865:290978 [3] NCCL INFO 12 coll channels, 12 collnet channels, 0 nvls channels, 16 p2p channels, 2 p2p channels per peer
auh7-3b-gpu-006:290866:290976 [4] NCCL INFO Connected all trees
auh7-3b-gpu-006:290866:290976 [4] NCCL INFO threadThresholds 8/8/64 | 64/8/64 | 256 | 256
auh7-3b-gpu-006:290866:290976 [4] NCCL INFO 12 coll channels, 12 collnet channels, 0 nvls channels, 16 p2p channels, 2 p2p channels per peer
auh7-3b-gpu-006:290869:290980 [7] NCCL INFO Connected all trees
auh7-3b-gpu-006:290869:290980 [7] NCCL INFO threadThresholds 8/8/64 | 64/8/64 | 256 | 256
auh7-3b-gpu-006:290869:290980 [7] NCCL INFO 12 coll channels, 12 collnet channels, 0 nvls channels, 16 p2p channels, 2 p2p channels per peer
auh7-3b-gpu-006:290868:290979 [6] NCCL INFO Connected all trees
auh7-3b-gpu-006:290868:290979 [6] NCCL INFO threadThresholds 8/8/64 | 64/8/64 | 256 | 256
auh7-3b-gpu-006:290868:290979 [6] NCCL INFO 12 coll channels, 12 collnet channels, 0 nvls channels, 16 p2p channels, 2 p2p channels per peer
auh7-3b-gpu-006:290867:290982 [5] NCCL INFO Connected all trees
auh7-3b-gpu-006:290867:290982 [5] NCCL INFO threadThresholds 8/8/64 | 64/8/64 | 256 | 256
auh7-3b-gpu-006:290867:290982 [5] NCCL INFO 12 coll channels, 12 collnet channels, 0 nvls channels, 16 p2p channels, 2 p2p channels per peer

auh7-3b-gpu-006:290864:290981 [2] /long_pathname_so_that_rpms_can_package_the_debug_info/src/rccl/build/hipify/src/init.cc:2065 NCCL WARN MSCCL++: Cannot enable MSCCL++; environment is not MSCCL compatible

auh7-3b-gpu-006:290866:290976 [4] /long_pathname_so_that_rpms_can_package_the_debug_info/src/rccl/build/hipify/src/init.cc:2065 NCCL WARN MSCCL++: Cannot enable MSCCL++; environment is not MSCCL compatible
auh7-3b-gpu-006:290866:290976 [4] NCCL INFO TUNER/Plugin: No plugin found (librccl-tuner.so)

auh7-3b-gpu-006:290868:290979 [6] /long_pathname_so_that_rpms_can_package_the_debug_info/src/rccl/build/hipify/src/init.cc:2065 NCCL WARN MSCCL++: Cannot enable MSCCL++; environment is not MSCCL compatible
auh7-3b-gpu-006:290868:290979 [6] NCCL INFO TUNER/Plugin: No plugin found (librccl-tuner.so)
auh7-3b-gpu-006:290868:290979 [6] NCCL INFO TUNER/Plugin: No plugin found (librccl-net.so)
auh7-3b-gpu-006:290868:290979 [6] NCCL INFO TUNER/Plugin: Plugin load returned 2 : librccl-net.so: cannot open shared object file: No such file or directory : when loading librccl-tuner.so
auh7-3b-gpu-006:290868:290979 [6] NCCL INFO TUNER/Plugin: Using internal tuner plugin.
auh7-3b-gpu-006:290868:290979 [6] NCCL INFO ncclCommInitRank comm 0x833f200 rank 6 nranks 8 cudaDev 6 nvmlDev 4 busId 85000 commId 0xcb5284242d15ade2 localSize 296 used 425444064 bytes on core 6 - Init COMPLETE

auh7-3b-gpu-006:290867:290982 [5] /long_pathname_so_that_rpms_can_package_the_debug_info/src/rccl/build/hipify/src/init.cc:2065 NCCL WARN MSCCL++: Cannot enable MSCCL++; environment is not MSCCL compatible
auh7-3b-gpu-006:290867:290982 [5] NCCL INFO TUNER/Plugin: No plugin found (librccl-tuner.so)
auh7-3b-gpu-006:290867:290982 [5] NCCL INFO TUNER/Plugin: No plugin found (librccl-net.so)
auh7-3b-gpu-006:290867:290982 [5] NCCL INFO TUNER/Plugin: Plugin load returned 2 : librccl-net.so: cannot open shared object file: No such file or directory : when loading librccl-tuner.so
auh7-3b-gpu-006:290867:290982 [5] NCCL INFO TUNER/Plugin: Using internal tuner plugin.
auh7-3b-gpu-006:290867:290982 [5] NCCL INFO ncclCommInitRank comm 0xf050620 rank 5 nranks 8 cudaDev 5 nvmlDev 7 busId c8000 commId 0xcb5284242d15ade2 localSize 296 used 425444064 bytes on core 5 - Init COMPLETE

auh7-3b-gpu-006:290862:290975 [0] /long_pathname_so_that_rpms_can_package_the_debug_info/src/rccl/build/hipify/src/init.cc:2065 NCCL WARN MSCCL++: Cannot enable MSCCL++; environment is not MSCCL compatible
auh7-3b-gpu-006:290862:290975 [0] NCCL INFO TUNER/Plugin: No plugin found (librccl-tuner.so)
auh7-3b-gpu-006:290862:290975 [0] NCCL INFO TUNER/Plugin: No plugin found (librccl-net.so)
auh7-3b-gpu-006:290862:290975 [0] NCCL INFO TUNER/Plugin: Plugin load returned 2 : librccl-net.so: cannot open shared object file: No such file or directory : when loading librccl-tuner.so
auh7-3b-gpu-006:290862:290975 [0] NCCL INFO TUNER/Plugin: Using internal tuner plugin.
auh7-3b-gpu-006:290862:290975 [0] NCCL INFO ncclCommInitRank comm 0xbe47dc0 rank 0 nranks 8 cudaDev 0 nvmlDev 2 busId 47000 commId 0xcb5284242d15ade2 localSize 296 used 425706208 bytes on core 0 - Init COMPLETE

auh7-3b-gpu-006:290869:290980 [7] /long_pathname_so_that_rpms_can_package_the_debug_info/src/rccl/build/hipify/src/init.cc:2065 NCCL WARN MSCCL++: Cannot enable MSCCL++; environment is not MSCCL compatible
auh7-3b-gpu-006:290869:290980 [7] NCCL INFO TUNER/Plugin: No plugin found (librccl-tuner.so)
auh7-3b-gpu-006:290869:290980 [7] NCCL INFO TUNER/Plugin: No plugin found (librccl-net.so)
auh7-3b-gpu-006:290869:290980 [7] NCCL INFO TUNER/Plugin: Plugin load returned 2 : librccl-net.so: cannot open shared object file: No such file or directory : when loading librccl-tuner.so
auh7-3b-gpu-006:290869:290980 [7] NCCL INFO TUNER/Plugin: Using internal tuner plugin.
auh7-3b-gpu-006:290869:290980 [7] NCCL INFO ncclCommInitRank comm 0x622e240 rank 7 nranks 8 cudaDev 7 nvmlDev 5 busId 88000 commId 0xcb5284242d15ade2 localSize 296 used 425444064 bytes on core 71 - Init COMPLETE

auh7-3b-gpu-006:290863:290977 [1] /long_pathname_so_that_rpms_can_package_the_debug_info/src/rccl/build/hipify/src/init.cc:2065 NCCL WARN MSCCL++: Cannot enable MSCCL++; environment is not MSCCL compatible
auh7-3b-gpu-006:290863:290977 [1] NCCL INFO TUNER/Plugin: No plugin found (librccl-tuner.so)
auh7-3b-gpu-006:290863:290977 [1] NCCL INFO TUNER/Plugin: No plugin found (librccl-net.so)
auh7-3b-gpu-006:290863:290977 [1] NCCL INFO TUNER/Plugin: Plugin load returned 2 : librccl-net.so: cannot open shared object file: No such file or directory : when loading librccl-tuner.so
auh7-3b-gpu-006:290863:290977 [1] NCCL INFO TUNER/Plugin: Using internal tuner plugin.
auh7-3b-gpu-006:290863:290977 [1] NCCL INFO ncclCommInitRank comm 0x3c4ae050 rank 1 nranks 8 cudaDev 1 nvmlDev 3 busId 4a000 commId 0xcb5284242d15ade2 localSize 296 used 425706208 bytes on core 1 - Init COMPLETE

auh7-3b-gpu-006:290865:290978 [3] /long_pathname_so_that_rpms_can_package_the_debug_info/src/rccl/build/hipify/src/init.cc:2065 NCCL WARN MSCCL++: Cannot enable MSCCL++; environment is not MSCCL compatible
auh7-3b-gpu-006:290865:290978 [3] NCCL INFO TUNER/Plugin: No plugin found (librccl-tuner.so)
auh7-3b-gpu-006:290865:290978 [3] NCCL INFO TUNER/Plugin: No plugin found (librccl-net.so)
auh7-3b-gpu-006:290865:290978 [3] NCCL INFO TUNER/Plugin: Plugin load returned 2 : librccl-net.so: cannot open shared object file: No such file or directory : when loading librccl-tuner.so
auh7-3b-gpu-006:290865:290978 [3] NCCL INFO TUNER/Plugin: Using internal tuner plugin.
auh7-3b-gpu-006:290865:290978 [3] NCCL INFO ncclCommInitRank comm 0x581a9a0 rank 3 nranks 8 cudaDev 3 nvmlDev 1 busId 8000 commId 0xcb5284242d15ade2 localSize 296 used 425706208 bytes on core 3 - Init COMPLETE
auh7-3b-gpu-006:290864:290981 [2] NCCL INFO TUNER/Plugin: No plugin found (librccl-tuner.so)
auh7-3b-gpu-006:290864:290981 [2] NCCL INFO TUNER/Plugin: No plugin found (librccl-net.so)
auh7-3b-gpu-006:290864:290981 [2] NCCL INFO TUNER/Plugin: Plugin load returned 2 : librccl-net.so: cannot open shared object file: No such file or directory : when loading librccl-tuner.so
auh7-3b-gpu-006:290864:290981 [2] NCCL INFO TUNER/Plugin: Using internal tuner plugin.
auh7-3b-gpu-006:290864:290981 [2] NCCL INFO ncclCommInitRank comm 0x1143a630 rank 2 nranks 8 cudaDev 2 nvmlDev 0 busId 5000 commId 0xcb5284242d15ade2 localSize 296 used 425706208 bytes on core 2 - Init COMPLETE
auh7-3b-gpu-006:290866:290976 [4] NCCL INFO TUNER/Plugin: No plugin found (librccl-net.so)
auh7-3b-gpu-006:290866:290976 [4] NCCL INFO TUNER/Plugin: Plugin load returned 2 : librccl-net.so: cannot open shared object file: No such file or directory : when loading librccl-tuner.so
auh7-3b-gpu-006:290866:290976 [4] NCCL INFO TUNER/Plugin: Using internal tuner plugin.
auh7-3b-gpu-006:290866:290976 [4] NCCL INFO ncclCommInitRank comm 0x16259a90 rank 4 nranks 8 cudaDev 4 nvmlDev 6 busId c5000 commId 0xcb5284242d15ade2 localSize 296 used 425444064 bytes on core 68 - Init COMPLETE
#
#                                                              out-of-place                       in-place          
#       size         count      type   redop    root     time   algbw   busbw #wrong     time   algbw   busbw #wrong
#        (B)    (elements)                               (us)  (GB/s)  (GB/s)            (us)  (GB/s)  (GB/s)       
           8             2     float     sum      -1    42.28    0.00    0.00      0    41.08    0.00    0.00      0
          16             4     float     sum      -1    40.95    0.00    0.00      0    41.52    0.00    0.00      0
          32             8     float     sum      -1    30.70    0.00    0.00      0    25.20    0.00    0.00      0
          64            16     float     sum      -1    25.37    0.00    0.00      0    25.46    0.00    0.00      0
         128            32     float     sum      -1    25.49    0.01    0.01      0    25.41    0.01    0.01      0
         256            64     float     sum      -1    25.60    0.01    0.02      0    25.23    0.01    0.02      0
         512           128     float     sum      -1    25.69    0.02    0.03      0    25.58    0.02    0.04      0
        1024           256     float     sum      -1    25.95    0.04    0.07      0    25.59    0.04    0.07      0
        2048           512     float     sum      -1    26.30    0.08    0.14      0    26.53    0.08    0.14      0
        4096          1024     float     sum      -1    27.98    0.15    0.26      0    27.89    0.15    0.26      0
        8192          2048     float     sum      -1    31.85    0.26    0.45      0    31.67    0.26    0.45      0
       16384          4096     float     sum      -1    40.34    0.41    0.71      0    40.49    0.40    0.71      0
       32768          8192     float     sum      -1    40.71    0.81    1.41      0    39.62    0.83    1.45      0
       65536         16384     float     sum      -1    40.14    1.63    2.86      0    40.26    1.63    2.85      0
      131072         32768     float     sum      -1    92.71    1.41    2.47      0    82.61    1.59    2.78      0
      262144         65536     float     sum      -1    106.0    2.47    4.33      0    104.4    2.51    4.39      0
      524288        131072     float     sum      -1    117.7    4.46    7.80      0    116.1    4.51    7.90      0
     1048576        262144     float     sum      -1    126.2    8.31   14.53      0    125.8    8.33   14.58      0
     2097152        524288     float     sum      -1    158.2   13.26   23.20      0    158.3   13.25   23.18      0
     4194304       1048576     float     sum      -1    160.2   26.18   45.82      0    157.0   26.72   46.76      0
     8388608       2097152     float     sum      -1    250.4   33.50   58.63      0    250.1   33.54   58.70      0
    16777216       4194304     float     sum      -1   1111.8   15.09   26.41      0   1117.3   15.02   26.28      0
    33554432       8388608     float     sum      -1   1901.1   17.65   30.89      0   1900.2   17.66   30.90      0
    67108864      16777216     float     sum      -1   3201.9   20.96   36.68      0   3200.6   20.97   36.69      0
   134217728      33554432     float     sum      -1   6398.7   20.98   36.71      0   6403.3   20.96   36.68      0
   268435456      67108864     float     sum      -1    12809   20.96   36.67      0    12808   20.96   36.68      0
   536870912     134217728     float     sum      -1    25611   20.96   36.69      0    25612   20.96   36.68      0
  1073741824     268435456     float     sum      -1    51278   20.94   36.64      0    51250   20.95   36.66      0
  2147483648     536870912     float     sum      -1   102450   20.96   36.68      0   102495   20.95   36.67      0
  4294967296    1073741824     float     sum      -1   204932   20.96   36.68      0   204938   20.96   36.68      0
auh7-3b-gpu-006:290862:290862 [0] NCCL INFO comm 0xbe47dc0 rank 0 nranks 8 cudaDev 0 busId 47000 - Destroy COMPLETE
# Errors with asterisks indicate errors that have exceeded the maximum threshold.
# Out of bounds values : 0 OK
# Avg bus bandwidth    : 15.9165 
#
auh7-3b-gpu-006:290865:290865 [3] NCCL INFO comm 0x581a9a0 rank 3 nranks 8 cudaDev 3 busId 8000 - Destroy COMPLETE
auh7-3b-gpu-006:290868:290868 [6] NCCL INFO comm 0x833f200 rank 6 nranks 8 cudaDev 6 busId 85000 - Destroy COMPLETE
auh7-3b-gpu-006:290863:290863 [1] NCCL INFO comm 0x3c4ae050 rank 1 nranks 8 cudaDev 1 busId 4a000 - Destroy COMPLETE
auh7-3b-gpu-006:290866:290866 [4] NCCL INFO comm 0x16259a90 rank 4 nranks 8 cudaDev 4 busId c5000 - Destroy COMPLETE
auh7-3b-gpu-006:290869:290869 [7] NCCL INFO comm 0x622e240 rank 7 nranks 8 cudaDev 7 busId 88000 - Destroy COMPLETE
auh7-3b-gpu-006:290864:290864 [2] NCCL INFO comm 0x1143a630 rank 2 nranks 8 cudaDev 2 busId 5000 - Destroy COMPLETE
auh7-3b-gpu-006:290867:290867 [5] NCCL INFO comm 0xf050620 rank 5 nranks 8 cudaDev 5 busId c8000 - Destroy COMPLETE

