auh7-3b-gpu-006:17315:17429 [7] NCCL INFO Channel 08/0 : 7[88000] -> 4[c5000] via P2P/IPC comm 0x246bc3a0 nRanks 08
auh7-3b-gpu-006:17310:17424 [2] NCCL INFO Channel 11/0 : 2[5000] -> 7[88000] via P2P/IPC comm 0x2ac51a40 nRanks 08
auh7-3b-gpu-006:17311:17427 [3] NCCL INFO Channel 10/0 : 3[8000] -> 0[47000] via P2P/IPC comm 0x38b14b70 nRanks 08
auh7-3b-gpu-006:17315:17429 [7] NCCL INFO Channel 02/0 : 7[88000] -> 5[c8000] via P2P/IPC comm 0x246bc3a0 nRanks 08
auh7-3b-gpu-006:17315:17429 [7] NCCL INFO Channel 03/0 : 7[88000] -> 5[c8000] via P2P/IPC comm 0x246bc3a0 nRanks 08
auh7-3b-gpu-006:17314:17425 [6] NCCL INFO Channel 03/0 : 6[85000] -> 4[c5000] via P2P/IPC comm 0x2724e0a0 nRanks 08
auh7-3b-gpu-006:17311:17427 [3] NCCL INFO Channel 01/0 : 3[8000] -> 2[5000] via P2P/IPC comm 0x38b14b70 nRanks 08
auh7-3b-gpu-006:17314:17425 [6] NCCL INFO Channel 05/0 : 6[85000] -> 4[c5000] via P2P/IPC comm 0x2724e0a0 nRanks 08
auh7-3b-gpu-006:17315:17429 [7] NCCL INFO Channel 10/0 : 7[88000] -> 5[c8000] via P2P/IPC comm 0x246bc3a0 nRanks 08
auh7-3b-gpu-006:17315:17429 [7] NCCL INFO Channel 11/0 : 7[88000] -> 5[c8000] via P2P/IPC comm 0x246bc3a0 nRanks 08
auh7-3b-gpu-006:17315:17429 [7] NCCL INFO Channel 04/0 : 7[88000] -> 6[85000] via P2P/IPC comm 0x246bc3a0 nRanks 08
auh7-3b-gpu-006:17310:17424 [2] NCCL INFO Channel 01/0 : 2[5000] -> 1[4a000] via P2P/IPC comm 0x2ac51a40 nRanks 08
auh7-3b-gpu-006:17310:17424 [2] NCCL INFO Channel 04/0 : 2[5000] -> 1[4a000] via P2P/IPC comm 0x2ac51a40 nRanks 08
auh7-3b-gpu-006:17310:17424 [2] NCCL INFO Channel 09/0 : 2[5000] -> 1[4a000] via P2P/IPC comm 0x2ac51a40 nRanks 08
auh7-3b-gpu-006:17314:17425 [6] NCCL INFO Channel 11/0 : 6[85000] -> 4[c5000] via P2P/IPC comm 0x2724e0a0 nRanks 08
auh7-3b-gpu-006:17311:17427 [3] NCCL INFO Channel 03/0 : 3[8000] -> 2[5000] via P2P/IPC comm 0x38b14b70 nRanks 08
auh7-3b-gpu-006:17311:17427 [3] NCCL INFO Channel 04/0 : 3[8000] -> 2[5000] via P2P/IPC comm 0x38b14b70 nRanks 08
auh7-3b-gpu-006:17315:17429 [7] NCCL INFO Channel 05/0 : 7[88000] -> 6[85000] via P2P/IPC comm 0x246bc3a0 nRanks 08
auh7-3b-gpu-006:17313:17426 [5] NCCL INFO Channel 01/0 : 5[c8000] -> 4[c5000] via P2P/IPC comm 0x31b57d40 nRanks 08
auh7-3b-gpu-006:17313:17426 [5] NCCL INFO Channel 04/0 : 5[c8000] -> 4[c5000] via P2P/IPC comm 0x31b57d40 nRanks 08
auh7-3b-gpu-006:17314:17425 [6] NCCL INFO Channel 06/0 : 6[85000] -> 5[c8000] via P2P/IPC comm 0x2724e0a0 nRanks 08
auh7-3b-gpu-006:17311:17427 [3] NCCL INFO Channel 06/0 : 3[8000] -> 2[5000] via P2P/IPC comm 0x38b14b70 nRanks 08
auh7-3b-gpu-006:17311:17427 [3] NCCL INFO Channel 09/0 : 3[8000] -> 2[5000] via P2P/IPC comm 0x38b14b70 nRanks 08
auh7-3b-gpu-006:17311:17427 [3] NCCL INFO Channel 11/0 : 3[8000] -> 2[5000] via P2P/IPC comm 0x38b14b70 nRanks 08
auh7-3b-gpu-006:17313:17426 [5] NCCL INFO Channel 09/0 : 5[c8000] -> 4[c5000] via P2P/IPC comm 0x31b57d40 nRanks 08
auh7-3b-gpu-006:17314:17425 [6] NCCL INFO Channel 07/0 : 6[85000] -> 5[c8000] via P2P/IPC comm 0x2724e0a0 nRanks 08
auh7-3b-gpu-006:17308:17422 [0] NCCL INFO Channel 00/2 : 0[47000] -> 1[4a000] via P2P/IPC comm 0x2a5f8c30 nRanks 08
auh7-3b-gpu-006:17312:17423 [4] NCCL INFO Channel 00/2 : 4[c5000] -> 5[c8000] via P2P/IPC comm 0x3b54fb0 nRanks 08
auh7-3b-gpu-006:17313:17426 [5] NCCL INFO Channel 02/2 : 5[c8000] -> 6[85000] via P2P/IPC comm 0x31b57d40 nRanks 08
auh7-3b-gpu-006:17312:17423 [4] NCCL INFO Channel 05/2 : 4[c5000] -> 5[c8000] via P2P/IPC comm 0x3b54fb0 nRanks 08
auh7-3b-gpu-006:17312:17423 [4] NCCL INFO Channel 08/2 : 4[c5000] -> 5[c8000] via P2P/IPC comm 0x3b54fb0 nRanks 08
auh7-3b-gpu-006:17308:17422 [0] NCCL INFO Channel 02/2 : 0[47000] -> 1[4a000] via P2P/IPC comm 0x2a5f8c30 nRanks 08
auh7-3b-gpu-006:17313:17426 [5] NCCL INFO Channel 03/2 : 5[c8000] -> 6[85000] via P2P/IPC comm 0x31b57d40 nRanks 08
auh7-3b-gpu-006:17313:17426 [5] NCCL INFO Channel 10/2 : 5[c8000] -> 6[85000] via P2P/IPC comm 0x31b57d40 nRanks 08
auh7-3b-gpu-006:17313:17426 [5] NCCL INFO Channel 11/2 : 5[c8000] -> 6[85000] via P2P/IPC comm 0x31b57d40 nRanks 08
auh7-3b-gpu-006:17309:17428 [1] NCCL INFO Channel 00/2 : 1[4a000] -> 2[5000] via P2P/IPC comm 0x123a4740 nRanks 08
auh7-3b-gpu-006:17314:17425 [6] NCCL INFO Channel 00/2 : 6[85000] -> 7[88000] via P2P/IPC comm 0x2724e0a0 nRanks 08
auh7-3b-gpu-006:17314:17425 [6] NCCL INFO Channel 01/2 : 6[85000] -> 7[88000] via P2P/IPC comm 0x2724e0a0 nRanks 08
auh7-3b-gpu-006:17308:17422 [0] NCCL INFO Channel 05/2 : 0[47000] -> 1[4a000] via P2P/IPC comm 0x2a5f8c30 nRanks 08
auh7-3b-gpu-006:17308:17422 [0] NCCL INFO Channel 07/2 : 0[47000] -> 1[4a000] via P2P/IPC comm 0x2a5f8c30 nRanks 08
auh7-3b-gpu-006:17308:17422 [0] NCCL INFO Channel 08/2 : 0[47000] -> 1[4a000] via P2P/IPC comm 0x2a5f8c30 nRanks 08
auh7-3b-gpu-006:17308:17422 [0] NCCL INFO Channel 10/2 : 0[47000] -> 1[4a000] via P2P/IPC comm 0x2a5f8c30 nRanks 08
auh7-3b-gpu-006:17310:17424 [2] NCCL INFO Channel 00/2 : 2[5000] -> 3[8000] via P2P/IPC comm 0x2ac51a40 nRanks 08
auh7-3b-gpu-006:17310:17424 [2] NCCL INFO Channel 02/2 : 2[5000] -> 3[8000] via P2P/IPC comm 0x2ac51a40 nRanks 08
auh7-3b-gpu-006:17310:17424 [2] NCCL INFO Channel 05/2 : 2[5000] -> 3[8000] via P2P/IPC comm 0x2ac51a40 nRanks 08
auh7-3b-gpu-006:17310:17424 [2] NCCL INFO Channel 07/2 : 2[5000] -> 3[8000] via P2P/IPC comm 0x2ac51a40 nRanks 08
auh7-3b-gpu-006:17310:17424 [2] NCCL INFO Channel 08/2 : 2[5000] -> 3[8000] via P2P/IPC comm 0x2ac51a40 nRanks 08
auh7-3b-gpu-006:17310:17424 [2] NCCL INFO Channel 10/2 : 2[5000] -> 3[8000] via P2P/IPC comm 0x2ac51a40 nRanks 08
auh7-3b-gpu-006:17311:17427 [3] NCCL INFO Channel 00/2 : 3[8000] -> 6[85000] via P2P/IPC comm 0x38b14b70 nRanks 08
auh7-3b-gpu-006:17309:17428 [1] NCCL INFO Channel 05/2 : 1[4a000] -> 2[5000] via P2P/IPC comm 0x123a4740 nRanks 08
auh7-3b-gpu-006:17312:17423 [4] NCCL INFO Channel 01/2 : 4[c5000] -> 6[85000] via P2P/IPC comm 0x3b54fb0 nRanks 08
auh7-3b-gpu-006:17309:17428 [1] NCCL INFO Channel 08/2 : 1[4a000] -> 2[5000] via P2P/IPC comm 0x123a4740 nRanks 08
auh7-3b-gpu-006:17309:17428 [1] NCCL INFO Channel 02/2 : 1[4a000] -> 4[c5000] via P2P/IPC comm 0x123a4740 nRanks 08
auh7-3b-gpu-006:17314:17425 [6] NCCL INFO Channel 08/2 : 6[85000] -> 7[88000] via P2P/IPC comm 0x2724e0a0 nRanks 08
auh7-3b-gpu-006:17314:17425 [6] NCCL INFO Channel 09/2 : 6[85000] -> 7[88000] via P2P/IPC comm 0x2724e0a0 nRanks 08
auh7-3b-gpu-006:17313:17426 [5] NCCL INFO Channel 06/2 : 5[c8000] -> 7[88000] via P2P/IPC comm 0x31b57d40 nRanks 08
auh7-3b-gpu-006:17313:17426 [5] NCCL INFO Channel 07/2 : 5[c8000] -> 7[88000] via P2P/IPC comm 0x31b57d40 nRanks 08
auh7-3b-gpu-006:17311:17427 [3] NCCL INFO Channel 08/2 : 3[8000] -> 6[85000] via P2P/IPC comm 0x38b14b70 nRanks 08
auh7-3b-gpu-006:17308:17422 [0] NCCL INFO Channel 00/2 : 5[c8000] -> 0[47000] [receive] via NET/IB/0/GDRDMA comm 0x2a5f8c30 nRanks 08
auh7-3b-gpu-006:17312:17423 [4] NCCL INFO Channel 07/2 : 4[c5000] -> 6[85000] via P2P/IPC comm 0x3b54fb0 nRanks 08
auh7-3b-gpu-006:17309:17428 [1] NCCL INFO Channel 07/2 : 1[4a000] -> 4[c5000] [send] via NET/IB/0/GDRDMA comm 0x123a4740 nRanks 08
auh7-3b-gpu-006:17309:17428 [1] NCCL INFO Channel 10/2 : 1[4a000] -> 4[c5000] via P2P/IPC comm 0x123a4740 nRanks 08
auh7-3b-gpu-006:17312:17423 [4] NCCL INFO Channel 09/2 : 4[c5000] -> 6[85000] via P2P/IPC comm 0x3b54fb0 nRanks 08
auh7-3b-gpu-006:17308:17422 [0] NCCL INFO Channel 08/2 : 5[c8000] -> 0[47000] [receive] via NET/IB/0/GDRDMA comm 0x2a5f8c30 nRanks 08
auh7-3b-gpu-006:17308:17422 [0] NCCL INFO Channel 03/2 : 0[47000] -> 3[8000] via P2P/IPC comm 0x2a5f8c30 nRanks 08
auh7-3b-gpu-006:17313:17426 [5] NCCL INFO Channel 00/2 : 5[c8000] -> 0[47000] [send] via NET/IB/2/GDRDMA comm 0x31b57d40 nRanks 08
auh7-3b-gpu-006:17313:17426 [5] NCCL INFO Channel 05/2 : 5[c8000] -> 0[47000] via P2P/IPC comm 0x31b57d40 nRanks 08
auh7-3b-gpu-006:17312:17423 [4] NCCL INFO Channel 07/2 : 1[4a000] -> 4[c5000] [receive] via NET/IB/2/GDRDMA comm 0x3b54fb0 nRanks 08
auh7-3b-gpu-006:17308:17422 [0] NCCL INFO Channel 06/2 : 0[47000] -> 3[8000] via P2P/IPC comm 0x2a5f8c30 nRanks 08
auh7-3b-gpu-006:17315:17429 [7] NCCL INFO Channel 07/2 : 7[88000] -> 2[5000] via P2P/IPC comm 0x246bc3a0 nRanks 08
auh7-3b-gpu-006:17308:17422 [0] NCCL INFO Channel 11/2 : 0[47000] -> 3[8000] via P2P/IPC comm 0x2a5f8c30 nRanks 08
auh7-3b-gpu-006:17312:17423 [4] NCCL INFO Channel 02/2 : 4[c5000] -> 7[88000] via P2P/IPC comm 0x3b54fb0 nRanks 08
auh7-3b-gpu-006:17312:17423 [4] NCCL INFO Channel 04/2 : 4[c5000] -> 7[88000] via P2P/IPC comm 0x3b54fb0 nRanks 08
auh7-3b-gpu-006:17313:17426 [5] NCCL INFO Channel 08/2 : 5[c8000] -> 0[47000] [send] via NET/IB/2/GDRDMA comm 0x31b57d40 nRanks 08
auh7-3b-gpu-006:17310:17424 [2] NCCL INFO Channel 02/2 : 6[85000] -> 2[5000] [receive] via NET/IB/1/GDRDMA comm 0x2ac51a40 nRanks 08
auh7-3b-gpu-006:17310:17424 [2] NCCL INFO Channel 10/2 : 6[85000] -> 2[5000] [receive] via NET/IB/1/GDRDMA comm 0x2ac51a40 nRanks 08
auh7-3b-gpu-006:17314:17425 [6] NCCL INFO Channel 06/2 : 2[5000] -> 6[85000] [receive] via NET/IB/3/GDRDMA comm 0x2724e0a0 nRanks 08
auh7-3b-gpu-006:17314:17425 [6] NCCL INFO Channel 02/2 : 6[85000] -> 2[5000] [send] via NET/IB/3/GDRDMA comm 0x2724e0a0 nRanks 08
auh7-3b-gpu-006:17312:17423 [4] NCCL INFO Channel 10/2 : 4[c5000] -> 7[88000] via P2P/IPC comm 0x3b54fb0 nRanks 08
auh7-3b-gpu-006:17312:17423 [4] NCCL INFO Channel 03/2 : 4[c5000] -> 1[4a000] [send] via NET/IB/2/GDRDMA comm 0x3b54fb0 nRanks 08
auh7-3b-gpu-006:17312:17423 [4] NCCL INFO Channel 06/2 : 4[c5000] -> 1[4a000] via P2P/IPC comm 0x3b54fb0 nRanks 08
auh7-3b-gpu-006:17310:17424 [2] NCCL INFO Channel 06/2 : 2[5000] -> 6[85000] [send] via NET/IB/1/GDRDMA comm 0x2ac51a40 nRanks 08
auh7-3b-gpu-006:17309:17428 [1] NCCL INFO Channel 03/2 : 4[c5000] -> 1[4a000] [receive] via NET/IB/0/GDRDMA comm 0x123a4740 nRanks 08
auh7-3b-gpu-006:17311:17427 [3] NCCL INFO Channel 01/2 : 7[88000] -> 3[8000] [receive] via NET/IB/1/GDRDMA comm 0x38b14b70 nRanks 08
auh7-3b-gpu-006:17314:17425 [6] NCCL INFO Channel 10/2 : 6[85000] -> 2[5000] [send] via NET/IB/3/GDRDMA comm 0x2724e0a0 nRanks 08
auh7-3b-gpu-006:17314:17425 [6] NCCL INFO Channel 04/2 : 6[85000] -> 3[8000] via P2P/IPC comm 0x2724e0a0 nRanks 08
auh7-3b-gpu-006:17315:17429 [7] NCCL INFO Channel 05/2 : 3[8000] -> 7[88000] [receive] via NET/IB/3/GDRDMA comm 0x246bc3a0 nRanks 08
auh7-3b-gpu-006:17315:17429 [7] NCCL INFO Channel 01/2 : 7[88000] -> 3[8000] [send] via NET/IB/3/GDRDMA comm 0x246bc3a0 nRanks 08
auh7-3b-gpu-006:17315:17429 [7] NCCL INFO Channel 09/2 : 7[88000] -> 3[8000] [send] via NET/IB/3/GDRDMA comm 0x246bc3a0 nRanks 08
auh7-3b-gpu-006:17311:17427 [3] NCCL INFO Channel 09/2 : 7[88000] -> 3[8000] [receive] via NET/IB/1/GDRDMA comm 0x38b14b70 nRanks 08
auh7-3b-gpu-006:17311:17427 [3] NCCL INFO Channel 05/2 : 3[8000] -> 7[88000] [send] via NET/IB/1/GDRDMA comm 0x38b14b70 nRanks 08
auh7-3b-gpu-006:17310:17424 [2] NCCL INFO Channel 03/2 : 2[5000] -> 7[88000] via P2P/IPC comm 0x2ac51a40 nRanks 08
auh7-3b-gpu-006:17309:17428 [1] NCCL INFO Channel 11/2 : 4[c5000] -> 1[4a000] [receive] via NET/IB/0/GDRDMA comm 0x123a4740 nRanks 08
auh7-3b-gpu-006:17311:17427 [3] NCCL INFO Channel 02/2 : 3[8000] -> 0[47000] via P2P/IPC comm 0x38b14b70 nRanks 08
auh7-3b-gpu-006:17311:17427 [3] NCCL INFO Channel 07/2 : 3[8000] -> 0[47000] via P2P/IPC comm 0x38b14b70 nRanks 08
auh7-3b-gpu-006:17315:17429 [7] NCCL INFO Channel 00/2 : 7[88000] -> 4[c5000] via P2P/IPC comm 0x246bc3a0 nRanks 08
auh7-3b-gpu-006:17311:17427 [3] NCCL INFO Channel 10/2 : 3[8000] -> 0[47000] via P2P/IPC comm 0x38b14b70 nRanks 08
auh7-3b-gpu-006:17315:17429 [7] NCCL INFO Channel 06/2 : 7[88000] -> 4[c5000] via P2P/IPC comm 0x246bc3a0 nRanks 08
auh7-3b-gpu-006:17315:17429 [7] NCCL INFO Channel 08/2 : 7[88000] -> 4[c5000] via P2P/IPC comm 0x246bc3a0 nRanks 08
auh7-3b-gpu-006:17312:17423 [4] NCCL INFO Channel 11/2 : 4[c5000] -> 1[4a000] [send] via NET/IB/2/GDRDMA comm 0x3b54fb0 nRanks 08
auh7-3b-gpu-006:17313:17426 [5] NCCL INFO Channel 04/2 : 0[47000] -> 5[c8000] [receive] via NET/IB/2/GDRDMA comm 0x31b57d40 nRanks 08
auh7-3b-gpu-006:17310:17424 [2] NCCL INFO Channel 11/2 : 2[5000] -> 7[88000] via P2P/IPC comm 0x2ac51a40 nRanks 08
auh7-3b-gpu-006:17314:17425 [6] NCCL INFO Channel 03/2 : 6[85000] -> 4[c5000] via P2P/IPC comm 0x2724e0a0 nRanks 08
auh7-3b-gpu-006:17314:17425 [6] NCCL INFO Channel 05/2 : 6[85000] -> 4[c5000] via P2P/IPC comm 0x2724e0a0 nRanks 08
auh7-3b-gpu-006:17309:17428 [1] NCCL INFO Channel 01/2 : 1[4a000] -> 0[47000] via P2P/IPC comm 0x123a4740 nRanks 08
auh7-3b-gpu-006:17309:17428 [1] NCCL INFO Channel 03/2 : 1[4a000] -> 0[47000] via P2P/IPC comm 0x123a4740 nRanks 08
auh7-3b-gpu-006:17309:17428 [1] NCCL INFO Channel 04/2 : 1[4a000] -> 0[47000] via P2P/IPC comm 0x123a4740 nRanks 08
auh7-3b-gpu-006:17309:17428 [1] NCCL INFO Channel 06/2 : 1[4a000] -> 0[47000] via P2P/IPC comm 0x123a4740 nRanks 08
auh7-3b-gpu-006:17309:17428 [1] NCCL INFO Channel 09/2 : 1[4a000] -> 0[47000] via P2P/IPC comm 0x123a4740 nRanks 08
auh7-3b-gpu-006:17309:17428 [1] NCCL INFO Channel 11/2 : 1[4a000] -> 0[47000] via P2P/IPC comm 0x123a4740 nRanks 08
auh7-3b-gpu-006:17314:17425 [6] NCCL INFO Channel 11/2 : 6[85000] -> 4[c5000] via P2P/IPC comm 0x2724e0a0 nRanks 08
auh7-3b-gpu-006:17308:17422 [0] NCCL INFO Channel 01/2 : 0[47000] -> 5[c8000] via P2P/IPC comm 0x2a5f8c30 nRanks 08
auh7-3b-gpu-006:17315:17429 [7] NCCL INFO Channel 02/2 : 7[88000] -> 5[c8000] via P2P/IPC comm 0x246bc3a0 nRanks 08
auh7-3b-gpu-006:17315:17429 [7] NCCL INFO Channel 03/2 : 7[88000] -> 5[c8000] via P2P/IPC comm 0x246bc3a0 nRanks 08
auh7-3b-gpu-006:17315:17429 [7] NCCL INFO Channel 10/2 : 7[88000] -> 5[c8000] via P2P/IPC comm 0x246bc3a0 nRanks 08
auh7-3b-gpu-006:17315:17429 [7] NCCL INFO Channel 11/2 : 7[88000] -> 5[c8000] via P2P/IPC comm 0x246bc3a0 nRanks 08
auh7-3b-gpu-006:17308:17422 [0] NCCL INFO Channel 04/2 : 0[47000] -> 5[c8000] [send] via NET/IB/0/GDRDMA comm 0x2a5f8c30 nRanks 08
auh7-3b-gpu-006:17308:17422 [0] NCCL INFO Channel 09/2 : 0[47000] -> 5[c8000] via P2P/IPC comm 0x2a5f8c30 nRanks 08
auh7-3b-gpu-006:17310:17424 [2] NCCL INFO Channel 01/2 : 2[5000] -> 1[4a000] via P2P/IPC comm 0x2ac51a40 nRanks 08
auh7-3b-gpu-006:17310:17424 [2] NCCL INFO Channel 04/2 : 2[5000] -> 1[4a000] via P2P/IPC comm 0x2ac51a40 nRanks 08
auh7-3b-gpu-006:17314:17425 [6] NCCL INFO Channel 06/2 : 6[85000] -> 5[c8000] via P2P/IPC comm 0x2724e0a0 nRanks 08
auh7-3b-gpu-006:17311:17427 [3] NCCL INFO Channel 01/2 : 3[8000] -> 2[5000] via P2P/IPC comm 0x38b14b70 nRanks 08
auh7-3b-gpu-006:17310:17424 [2] NCCL INFO Channel 09/2 : 2[5000] -> 1[4a000] via P2P/IPC comm 0x2ac51a40 nRanks 08
auh7-3b-gpu-006:17314:17425 [6] NCCL INFO Channel 07/2 : 6[85000] -> 5[c8000] via P2P/IPC comm 0x2724e0a0 nRanks 08
auh7-3b-gpu-006:17311:17427 [3] NCCL INFO Channel 03/2 : 3[8000] -> 2[5000] via P2P/IPC comm 0x38b14b70 nRanks 08
auh7-3b-gpu-006:17311:17427 [3] NCCL INFO Channel 04/2 : 3[8000] -> 2[5000] via P2P/IPC comm 0x38b14b70 nRanks 08
auh7-3b-gpu-006:17311:17427 [3] NCCL INFO Channel 06/2 : 3[8000] -> 2[5000] via P2P/IPC comm 0x38b14b70 nRanks 08
auh7-3b-gpu-006:17311:17427 [3] NCCL INFO Channel 09/2 : 3[8000] -> 2[5000] via P2P/IPC comm 0x38b14b70 nRanks 08
auh7-3b-gpu-006:17311:17427 [3] NCCL INFO Channel 11/2 : 3[8000] -> 2[5000] via P2P/IPC comm 0x38b14b70 nRanks 08
auh7-3b-gpu-006:17309:17463 [1] NCCL INFO NCCL_IB_GID_INDEX set by environment to 3.
auh7-3b-gpu-006:17308:17462 [0] NCCL INFO NCCL_IB_GID_INDEX set by environment to 3.
auh7-3b-gpu-006:17315:17429 [7] NCCL INFO Channel 04/2 : 7[88000] -> 6[85000] via P2P/IPC comm 0x246bc3a0 nRanks 08
auh7-3b-gpu-006:17313:17426 [5] NCCL INFO Channel 01/2 : 5[c8000] -> 4[c5000] via P2P/IPC comm 0x31b57d40 nRanks 08
auh7-3b-gpu-006:17310:17464 [2] NCCL INFO NCCL_IB_GID_INDEX set by environment to 3.
auh7-3b-gpu-006:17315:17429 [7] NCCL INFO Channel 05/2 : 7[88000] -> 6[85000] via P2P/IPC comm 0x246bc3a0 nRanks 08
auh7-3b-gpu-006:17313:17426 [5] NCCL INFO Channel 04/2 : 5[c8000] -> 4[c5000] via P2P/IPC comm 0x31b57d40 nRanks 08
auh7-3b-gpu-006:17311:17469 [3] NCCL INFO NCCL_IB_GID_INDEX set by environment to 3.
auh7-3b-gpu-006:17315:17476 [7] NCCL INFO NCCL_IB_GID_INDEX set by environment to 3.
auh7-3b-gpu-006:17313:17426 [5] NCCL INFO Channel 09/2 : 5[c8000] -> 4[c5000] via P2P/IPC comm 0x31b57d40 nRanks 08
auh7-3b-gpu-006:17312:17474 [4] NCCL INFO NCCL_IB_GID_INDEX set by environment to 3.
auh7-3b-gpu-006:17314:17468 [6] NCCL INFO NCCL_IB_GID_INDEX set by environment to 3.
auh7-3b-gpu-006:17311:17427 [3] NCCL INFO Connected all rings comm 0x38b14b70 nRanks 08 busId 8000
auh7-3b-gpu-006:17315:17429 [7] NCCL INFO Connected all rings comm 0x246bc3a0 nRanks 08 busId 88000
auh7-3b-gpu-006:17309:17428 [1] NCCL INFO Connected all rings comm 0x123a4740 nRanks 08 busId 4a000
auh7-3b-gpu-006:17312:17423 [4] NCCL INFO Connected all rings comm 0x3b54fb0 nRanks 08 busId c5000
auh7-3b-gpu-006:17312:17423 [4] NCCL INFO Channel 01/0 : 4[c5000] -> 5[c8000] via P2P/IPC comm 0x3b54fb0 nRanks 08
auh7-3b-gpu-006:17310:17424 [2] NCCL INFO Connected all rings comm 0x2ac51a40 nRanks 08 busId 5000
auh7-3b-gpu-006:17314:17425 [6] NCCL INFO Connected all rings comm 0x2724e0a0 nRanks 08 busId 85000
auh7-3b-gpu-006:17314:17425 [6] NCCL INFO Channel 04/0 : 6[85000] -> 7[88000] via P2P/IPC comm 0x2724e0a0 nRanks 08
auh7-3b-gpu-006:17314:17425 [6] NCCL INFO Channel 05/0 : 6[85000] -> 7[88000] via P2P/IPC comm 0x2724e0a0 nRanks 08
auh7-3b-gpu-006:17309:17428 [1] NCCL INFO Channel 01/0 : 1[4a000] -> 2[5000] via P2P/IPC comm 0x123a4740 nRanks 08
auh7-3b-gpu-006:17309:17428 [1] NCCL INFO Channel 04/0 : 1[4a000] -> 2[5000] via P2P/IPC comm 0x123a4740 nRanks 08
auh7-3b-gpu-006:17309:17428 [1] NCCL INFO Channel 09/0 : 1[4a000] -> 2[5000] via P2P/IPC comm 0x123a4740 nRanks 08
auh7-3b-gpu-006:17310:17424 [2] NCCL INFO Channel 01/0 : 2[5000] -> 3[8000] via P2P/IPC comm 0x2ac51a40 nRanks 08
auh7-3b-gpu-006:17310:17424 [2] NCCL INFO Channel 03/0 : 2[5000] -> 3[8000] via P2P/IPC comm 0x2ac51a40 nRanks 08
auh7-3b-gpu-006:17310:17424 [2] NCCL INFO Channel 04/0 : 2[5000] -> 3[8000] via P2P/IPC comm 0x2ac51a40 nRanks 08
auh7-3b-gpu-006:17313:17472 [5] NCCL INFO NCCL_IB_GID_INDEX set by environment to 3.
auh7-3b-gpu-006:17312:17423 [4] NCCL INFO Channel 04/0 : 4[c5000] -> 5[c8000] via P2P/IPC comm 0x3b54fb0 nRanks 08
auh7-3b-gpu-006:17312:17423 [4] NCCL INFO Channel 09/0 : 4[c5000] -> 5[c8000] via P2P/IPC comm 0x3b54fb0 nRanks 08
auh7-3b-gpu-006:17308:17422 [0] NCCL INFO Connected all rings comm 0x2a5f8c30 nRanks 08 busId 47000
auh7-3b-gpu-006:17308:17422 [0] NCCL INFO Channel 01/0 : 0[47000] -> 1[4a000] via P2P/IPC comm 0x2a5f8c30 nRanks 08
auh7-3b-gpu-006:17313:17426 [5] NCCL INFO Connected all rings comm 0x31b57d40 nRanks 08 busId c8000
auh7-3b-gpu-006:17308:17422 [0] NCCL INFO Channel 03/0 : 0[47000] -> 1[4a000] via P2P/IPC comm 0x2a5f8c30 nRanks 08
auh7-3b-gpu-006:17308:17422 [0] NCCL INFO Channel 04/0 : 0[47000] -> 1[4a000] via P2P/IPC comm 0x2a5f8c30 nRanks 08
auh7-3b-gpu-006:17308:17422 [0] NCCL INFO Channel 06/0 : 0[47000] -> 1[4a000] via P2P/IPC comm 0x2a5f8c30 nRanks 08
auh7-3b-gpu-006:17308:17422 [0] NCCL INFO Channel 09/0 : 0[47000] -> 1[4a000] via P2P/IPC comm 0x2a5f8c30 nRanks 08
auh7-3b-gpu-006:17313:17426 [5] NCCL INFO Channel 06/0 : 5[c8000] -> 6[85000] via P2P/IPC comm 0x31b57d40 nRanks 08
auh7-3b-gpu-006:17308:17422 [0] NCCL INFO Channel 11/0 : 0[47000] -> 1[4a000] via P2P/IPC comm 0x2a5f8c30 nRanks 08
auh7-3b-gpu-006:17313:17426 [5] NCCL INFO Channel 07/0 : 5[c8000] -> 6[85000] via P2P/IPC comm 0x31b57d40 nRanks 08
auh7-3b-gpu-006:17308:17422 [0] NCCL INFO Channel 02/0 : 0[47000] -> 3[8000] via P2P/IPC comm 0x2a5f8c30 nRanks 08
auh7-3b-gpu-006:17308:17422 [0] NCCL INFO Channel 07/0 : 0[47000] -> 3[8000] via P2P/IPC comm 0x2a5f8c30 nRanks 08
auh7-3b-gpu-006:17308:17422 [0] NCCL INFO Channel 10/0 : 0[47000] -> 3[8000] via P2P/IPC comm 0x2a5f8c30 nRanks 08
auh7-3b-gpu-006:17310:17424 [2] NCCL INFO Channel 06/0 : 2[5000] -> 3[8000] via P2P/IPC comm 0x2ac51a40 nRanks 08
auh7-3b-gpu-006:17313:17426 [5] NCCL INFO Channel 02/0 : 5[c8000] -> 7[88000] via P2P/IPC comm 0x31b57d40 nRanks 08
auh7-3b-gpu-006:17312:17423 [4] NCCL INFO Channel 03/0 : 4[c5000] -> 6[85000] via P2P/IPC comm 0x3b54fb0 nRanks 08
auh7-3b-gpu-006:17313:17426 [5] NCCL INFO Channel 03/0 : 5[c8000] -> 7[88000] via P2P/IPC comm 0x31b57d40 nRanks 08
auh7-3b-gpu-006:17313:17426 [5] NCCL INFO Channel 10/0 : 5[c8000] -> 7[88000] via P2P/IPC comm 0x31b57d40 nRanks 08
auh7-3b-gpu-006:17313:17426 [5] NCCL INFO Channel 11/0 : 5[c8000] -> 7[88000] via P2P/IPC comm 0x31b57d40 nRanks 08
auh7-3b-gpu-006:17310:17424 [2] NCCL INFO Channel 09/0 : 2[5000] -> 3[8000] via P2P/IPC comm 0x2ac51a40 nRanks 08
auh7-3b-gpu-006:17310:17424 [2] NCCL INFO Channel 11/0 : 2[5000] -> 3[8000] via P2P/IPC comm 0x2ac51a40 nRanks 08
auh7-3b-gpu-006:17309:17428 [1] NCCL INFO Channel 06/0 : 1[4a000] -> 4[c5000] via P2P/IPC comm 0x123a4740 nRanks 08
auh7-3b-gpu-006:17311:17427 [3] NCCL INFO Channel 04/0 : 3[8000] -> 6[85000] via P2P/IPC comm 0x38b14b70 nRanks 08
auh7-3b-gpu-006:17312:17423 [4] NCCL INFO Channel 05/0 : 4[c5000] -> 6[85000] via P2P/IPC comm 0x3b54fb0 nRanks 08
auh7-3b-gpu-006:17312:17423 [4] NCCL INFO Channel 11/0 : 4[c5000] -> 6[85000] via P2P/IPC comm 0x3b54fb0 nRanks 08
auh7-3b-gpu-006:17313:17426 [5] NCCL INFO Channel 01/0 : 5[c8000] -> 0[47000] via P2P/IPC comm 0x31b57d40 nRanks 08
auh7-3b-gpu-006:17313:17426 [5] NCCL INFO Channel 09/0 : 5[c8000] -> 0[47000] via P2P/IPC comm 0x31b57d40 nRanks 08
auh7-3b-gpu-006:17308:17422 [0] NCCL INFO Channel 05/0 : 0[47000] -> 5[c8000] via P2P/IPC comm 0x2a5f8c30 nRanks 08
auh7-3b-gpu-006:17312:17423 [4] NCCL INFO Channel 00/0 : 4[c5000] -> 7[88000] via P2P/IPC comm 0x3b54fb0 nRanks 08
auh7-3b-gpu-006:17314:17425 [6] NCCL INFO Channel 00/0 : 6[85000] -> 3[8000] via P2P/IPC comm 0x2724e0a0 nRanks 08
auh7-3b-gpu-006:17314:17425 [6] NCCL INFO Channel 08/0 : 6[85000] -> 3[8000] via P2P/IPC comm 0x2724e0a0 nRanks 08
auh7-3b-gpu-006:17312:17423 [4] NCCL INFO Channel 06/0 : 4[c5000] -> 7[88000] via P2P/IPC comm 0x3b54fb0 nRanks 08
auh7-3b-gpu-006:17312:17423 [4] NCCL INFO Channel 08/0 : 4[c5000] -> 7[88000] via P2P/IPC comm 0x3b54fb0 nRanks 08
auh7-3b-gpu-006:17311:17427 [3] NCCL INFO Channel 03/0 : 3[8000] -> 0[47000] via P2P/IPC comm 0x38b14b70 nRanks 08
auh7-3b-gpu-006:17311:17427 [3] NCCL INFO Channel 06/0 : 3[8000] -> 0[47000] via P2P/IPC comm 0x38b14b70 nRanks 08
auh7-3b-gpu-006:17311:17427 [3] NCCL INFO Channel 11/0 : 3[8000] -> 0[47000] via P2P/IPC comm 0x38b14b70 nRanks 08
auh7-3b-gpu-006:17314:17425 [6] NCCL INFO Channel 01/0 : 6[85000] -> 4[c5000] via P2P/IPC comm 0x2724e0a0 nRanks 08
auh7-3b-gpu-006:17311:17427 [3] NCCL INFO Channel 00/0 : 3[8000] -> 2[5000] via P2P/IPC comm 0x38b14b70 nRanks 08
auh7-3b-gpu-006:17311:17427 [3] NCCL INFO Channel 02/0 : 3[8000] -> 2[5000] via P2P/IPC comm 0x38b14b70 nRanks 08
auh7-3b-gpu-006:17314:17425 [6] NCCL INFO Channel 07/0 : 6[85000] -> 4[c5000] via P2P/IPC comm 0x2724e0a0 nRanks 08
auh7-3b-gpu-006:17311:17427 [3] NCCL INFO Channel 05/0 : 3[8000] -> 2[5000] via P2P/IPC comm 0x38b14b70 nRanks 08
auh7-3b-gpu-006:17311:17427 [3] NCCL INFO Channel 07/0 : 3[8000] -> 2[5000] via P2P/IPC comm 0x38b14b70 nRanks 08
auh7-3b-gpu-006:17315:17429 [7] NCCL INFO Channel 03/0 : 7[88000] -> 2[5000] via P2P/IPC comm 0x246bc3a0 nRanks 08
auh7-3b-gpu-006:17315:17429 [7] NCCL INFO Channel 11/0 : 7[88000] -> 2[5000] via P2P/IPC comm 0x246bc3a0 nRanks 08
auh7-3b-gpu-006:17311:17427 [3] NCCL INFO Channel 08/0 : 3[8000] -> 2[5000] via P2P/IPC comm 0x38b14b70 nRanks 08
auh7-3b-gpu-006:17314:17425 [6] NCCL INFO Channel 09/0 : 6[85000] -> 4[c5000] via P2P/IPC comm 0x2724e0a0 nRanks 08
auh7-3b-gpu-006:17310:17424 [2] NCCL INFO Channel 07/0 : 2[5000] -> 7[88000] via P2P/IPC comm 0x2ac51a40 nRanks 08
auh7-3b-gpu-006:17312:17423 [4] NCCL INFO Channel 02/0 : 4[c5000] -> 1[4a000] via P2P/IPC comm 0x3b54fb0 nRanks 08
auh7-3b-gpu-006:17312:17423 [4] NCCL INFO Channel 10/0 : 4[c5000] -> 1[4a000] via P2P/IPC comm 0x3b54fb0 nRanks 08
auh7-3b-gpu-006:17311:17427 [3] NCCL INFO Channel 10/0 : 3[8000] -> 2[5000] via P2P/IPC comm 0x38b14b70 nRanks 08
auh7-3b-gpu-006:17315:17429 [7] NCCL INFO Channel 02/0 : 7[88000] -> 4[c5000] via P2P/IPC comm 0x246bc3a0 nRanks 08
auh7-3b-gpu-006:17315:17429 [7] NCCL INFO Channel 04/0 : 7[88000] -> 4[c5000] via P2P/IPC comm 0x246bc3a0 nRanks 08
auh7-3b-gpu-006:17309:17428 [1] NCCL INFO Channel 00/0 : 1[4a000] -> 0[47000] via P2P/IPC comm 0x123a4740 nRanks 08
auh7-3b-gpu-006:17309:17428 [1] NCCL INFO Channel 02/0 : 1[4a000] -> 0[47000] via P2P/IPC comm 0x123a4740 nRanks 08
auh7-3b-gpu-006:17309:17428 [1] NCCL INFO Channel 05/0 : 1[4a000] -> 0[47000] via P2P/IPC comm 0x123a4740 nRanks 08
auh7-3b-gpu-006:17309:17428 [1] NCCL INFO Channel 07/0 : 1[4a000] -> 0[47000] via P2P/IPC comm 0x123a4740 nRanks 08
auh7-3b-gpu-006:17309:17428 [1] NCCL INFO Channel 08/0 : 1[4a000] -> 0[47000] via P2P/IPC comm 0x123a4740 nRanks 08
auh7-3b-gpu-006:17309:17428 [1] NCCL INFO Channel 10/0 : 1[4a000] -> 0[47000] via P2P/IPC comm 0x123a4740 nRanks 08
auh7-3b-gpu-006:17315:17429 [7] NCCL INFO Channel 10/0 : 7[88000] -> 4[c5000] via P2P/IPC comm 0x246bc3a0 nRanks 08
auh7-3b-gpu-006:17315:17429 [7] NCCL INFO Channel 06/0 : 7[88000] -> 5[c8000] via P2P/IPC comm 0x246bc3a0 nRanks 08
auh7-3b-gpu-006:17315:17429 [7] NCCL INFO Channel 07/0 : 7[88000] -> 5[c8000] via P2P/IPC comm 0x246bc3a0 nRanks 08
auh7-3b-gpu-006:17315:17429 [7] NCCL INFO Channel 00/0 : 7[88000] -> 6[85000] via P2P/IPC comm 0x246bc3a0 nRanks 08
auh7-3b-gpu-006:17315:17429 [7] NCCL INFO Channel 01/0 : 7[88000] -> 6[85000] via P2P/IPC comm 0x246bc3a0 nRanks 08
auh7-3b-gpu-006:17313:17426 [5] NCCL INFO Channel 00/0 : 5[c8000] -> 4[c5000] via P2P/IPC comm 0x31b57d40 nRanks 08
auh7-3b-gpu-006:17314:17425 [6] NCCL INFO Channel 02/0 : 6[85000] -> 5[c8000] via P2P/IPC comm 0x2724e0a0 nRanks 08
auh7-3b-gpu-006:17314:17425 [6] NCCL INFO Channel 03/0 : 6[85000] -> 5[c8000] via P2P/IPC comm 0x2724e0a0 nRanks 08
auh7-3b-gpu-006:17315:17429 [7] NCCL INFO Channel 08/0 : 7[88000] -> 6[85000] via P2P/IPC comm 0x246bc3a0 nRanks 08
auh7-3b-gpu-006:17313:17426 [5] NCCL INFO Channel 05/0 : 5[c8000] -> 4[c5000] via P2P/IPC comm 0x31b57d40 nRanks 08
auh7-3b-gpu-006:17315:17429 [7] NCCL INFO Channel 09/0 : 7[88000] -> 6[85000] via P2P/IPC comm 0x246bc3a0 nRanks 08
auh7-3b-gpu-006:17313:17426 [5] NCCL INFO Channel 08/0 : 5[c8000] -> 4[c5000] via P2P/IPC comm 0x31b57d40 nRanks 08
auh7-3b-gpu-006:17314:17425 [6] NCCL INFO Channel 10/0 : 6[85000] -> 5[c8000] via P2P/IPC comm 0x2724e0a0 nRanks 08
auh7-3b-gpu-006:17314:17425 [6] NCCL INFO Channel 11/0 : 6[85000] -> 5[c8000] via P2P/IPC comm 0x2724e0a0 nRanks 08
auh7-3b-gpu-006:17310:17424 [2] NCCL INFO Channel 00/0 : 2[5000] -> 1[4a000] via P2P/IPC comm 0x2ac51a40 nRanks 08
auh7-3b-gpu-006:17310:17424 [2] NCCL INFO Channel 05/0 : 2[5000] -> 1[4a000] via P2P/IPC comm 0x2ac51a40 nRanks 08
auh7-3b-gpu-006:17310:17424 [2] NCCL INFO Channel 08/0 : 2[5000] -> 1[4a000] via P2P/IPC comm 0x2ac51a40 nRanks 08
auh7-3b-gpu-006:17309:17428 [1] NCCL INFO Connected all trees
auh7-3b-gpu-006:17309:17428 [1] NCCL INFO threadThresholds 8/8/64 | 64/8/64 | 256 | 256
auh7-3b-gpu-006:17309:17428 [1] NCCL INFO 12 coll channels, 12 collnet channels, 0 nvls channels, 16 p2p channels, 2 p2p channels per peer
auh7-3b-gpu-006:17308:17422 [0] NCCL INFO Connected all trees
auh7-3b-gpu-006:17308:17422 [0] NCCL INFO threadThresholds 8/8/64 | 64/8/64 | 256 | 256
auh7-3b-gpu-006:17308:17422 [0] NCCL INFO 12 coll channels, 12 collnet channels, 0 nvls channels, 16 p2p channels, 2 p2p channels per peer
auh7-3b-gpu-006:17311:17427 [3] NCCL INFO Connected all trees
auh7-3b-gpu-006:17311:17427 [3] NCCL INFO threadThresholds 8/8/64 | 64/8/64 | 256 | 256
auh7-3b-gpu-006:17311:17427 [3] NCCL INFO 12 coll channels, 12 collnet channels, 0 nvls channels, 16 p2p channels, 2 p2p channels per peer
auh7-3b-gpu-006:17310:17424 [2] NCCL INFO Connected all trees
auh7-3b-gpu-006:17310:17424 [2] NCCL INFO threadThresholds 8/8/64 | 64/8/64 | 256 | 256
auh7-3b-gpu-006:17310:17424 [2] NCCL INFO 12 coll channels, 12 collnet channels, 0 nvls channels, 16 p2p channels, 2 p2p channels per peer
auh7-3b-gpu-006:17312:17423 [4] NCCL INFO Connected all trees
auh7-3b-gpu-006:17312:17423 [4] NCCL INFO threadThresholds 8/8/64 | 64/8/64 | 256 | 256
auh7-3b-gpu-006:17312:17423 [4] NCCL INFO 12 coll channels, 12 collnet channels, 0 nvls channels, 16 p2p channels, 2 p2p channels per peer
auh7-3b-gpu-006:17315:17429 [7] NCCL INFO Connected all trees
auh7-3b-gpu-006:17315:17429 [7] NCCL INFO threadThresholds 8/8/64 | 64/8/64 | 256 | 256
auh7-3b-gpu-006:17315:17429 [7] NCCL INFO 12 coll channels, 12 collnet channels, 0 nvls channels, 16 p2p channels, 2 p2p channels per peer
auh7-3b-gpu-006:17314:17425 [6] NCCL INFO Connected all trees
auh7-3b-gpu-006:17314:17425 [6] NCCL INFO threadThresholds 8/8/64 | 64/8/64 | 256 | 256
auh7-3b-gpu-006:17314:17425 [6] NCCL INFO 12 coll channels, 12 collnet channels, 0 nvls channels, 16 p2p channels, 2 p2p channels per peer
auh7-3b-gpu-006:17313:17426 [5] NCCL INFO Connected all trees
auh7-3b-gpu-006:17313:17426 [5] NCCL INFO threadThresholds 8/8/64 | 64/8/64 | 256 | 256
auh7-3b-gpu-006:17313:17426 [5] NCCL INFO 12 coll channels, 12 collnet channels, 0 nvls channels, 16 p2p channels, 2 p2p channels per peer

auh7-3b-gpu-006:17313:17426 [5] /long_pathname_so_that_rpms_can_package_the_debug_info/src/rccl/build/hipify/src/init.cc:2065 NCCL WARN MSCCL++: Cannot enable MSCCL++; environment is not MSCCL compatible

auh7-3b-gpu-006:17312:17423 [4] /long_pathname_so_that_rpms_can_package_the_debug_info/src/rccl/build/hipify/src/init.cc:2065 NCCL WARN MSCCL++: Cannot enable MSCCL++; environment is not MSCCL compatible
auh7-3b-gpu-006:17312:17423 [4] NCCL INFO TUNER/Plugin: No plugin found (librccl-tuner.so)

auh7-3b-gpu-006:17311:17427 [3] /long_pathname_so_that_rpms_can_package_the_debug_info/src/rccl/build/hipify/src/init.cc:2065 NCCL WARN MSCCL++: Cannot enable MSCCL++; environment is not MSCCL compatible
auh7-3b-gpu-006:17311:17427 [3] NCCL INFO TUNER/Plugin: No plugin found (librccl-tuner.so)

auh7-3b-gpu-006:17315:17429 [7] /long_pathname_so_that_rpms_can_package_the_debug_info/src/rccl/build/hipify/src/init.cc:2065 NCCL WARN MSCCL++: Cannot enable MSCCL++; environment is not MSCCL compatible
auh7-3b-gpu-006:17315:17429 [7] NCCL INFO TUNER/Plugin: No plugin found (librccl-tuner.so)
auh7-3b-gpu-006:17315:17429 [7] NCCL INFO TUNER/Plugin: No plugin found (librccl-net.so)
auh7-3b-gpu-006:17315:17429 [7] NCCL INFO TUNER/Plugin: Plugin load returned 2 : librccl-net.so: cannot open shared object file: No such file or directory : when loading librccl-tuner.so
auh7-3b-gpu-006:17315:17429 [7] NCCL INFO TUNER/Plugin: Using internal tuner plugin.
auh7-3b-gpu-006:17315:17429 [7] NCCL INFO ncclCommInitRank comm 0x246bc3a0 rank 7 nranks 8 cudaDev 7 nvmlDev 5 busId 88000 commId 0x61db97c4be3a03f localSize 296 used 425444064 bytes on core 7 - Init COMPLETE

auh7-3b-gpu-006:17309:17428 [1] /long_pathname_so_that_rpms_can_package_the_debug_info/src/rccl/build/hipify/src/init.cc:2065 NCCL WARN MSCCL++: Cannot enable MSCCL++; environment is not MSCCL compatible
auh7-3b-gpu-006:17309:17428 [1] NCCL INFO TUNER/Plugin: No plugin found (librccl-tuner.so)
auh7-3b-gpu-006:17309:17428 [1] NCCL INFO TUNER/Plugin: No plugin found (librccl-net.so)
auh7-3b-gpu-006:17309:17428 [1] NCCL INFO TUNER/Plugin: Plugin load returned 2 : librccl-net.so: cannot open shared object file: No such file or directory : when loading librccl-tuner.so
auh7-3b-gpu-006:17309:17428 [1] NCCL INFO TUNER/Plugin: Using internal tuner plugin.
auh7-3b-gpu-006:17309:17428 [1] NCCL INFO ncclCommInitRank comm 0x123a4740 rank 1 nranks 8 cudaDev 1 nvmlDev 3 busId 4a000 commId 0x61db97c4be3a03f localSize 296 used 425706208 bytes on core 65 - Init COMPLETE

auh7-3b-gpu-006:17310:17424 [2] /long_pathname_so_that_rpms_can_package_the_debug_info/src/rccl/build/hipify/src/init.cc:2065 NCCL WARN MSCCL++: Cannot enable MSCCL++; environment is not MSCCL compatible
auh7-3b-gpu-006:17310:17424 [2] NCCL INFO TUNER/Plugin: No plugin found (librccl-tuner.so)
auh7-3b-gpu-006:17310:17424 [2] NCCL INFO TUNER/Plugin: No plugin found (librccl-net.so)
auh7-3b-gpu-006:17310:17424 [2] NCCL INFO TUNER/Plugin: Plugin load returned 2 : librccl-net.so: cannot open shared object file: No such file or directory : when loading librccl-tuner.so
auh7-3b-gpu-006:17310:17424 [2] NCCL INFO TUNER/Plugin: Using internal tuner plugin.
auh7-3b-gpu-006:17310:17424 [2] NCCL INFO ncclCommInitRank comm 0x2ac51a40 rank 2 nranks 8 cudaDev 2 nvmlDev 0 busId 5000 commId 0x61db97c4be3a03f localSize 296 used 425706208 bytes on core 2 - Init COMPLETE

auh7-3b-gpu-006:17308:17422 [0] /long_pathname_so_that_rpms_can_package_the_debug_info/src/rccl/build/hipify/src/init.cc:2065 NCCL WARN MSCCL++: Cannot enable MSCCL++; environment is not MSCCL compatible
auh7-3b-gpu-006:17308:17422 [0] NCCL INFO TUNER/Plugin: No plugin found (librccl-tuner.so)
auh7-3b-gpu-006:17308:17422 [0] NCCL INFO TUNER/Plugin: No plugin found (librccl-net.so)
auh7-3b-gpu-006:17308:17422 [0] NCCL INFO TUNER/Plugin: Plugin load returned 2 : librccl-net.so: cannot open shared object file: No such file or directory : when loading librccl-tuner.so
auh7-3b-gpu-006:17308:17422 [0] NCCL INFO TUNER/Plugin: Using internal tuner plugin.
auh7-3b-gpu-006:17308:17422 [0] NCCL INFO ncclCommInitRank comm 0x2a5f8c30 rank 0 nranks 8 cudaDev 0 nvmlDev 2 busId 47000 commId 0x61db97c4be3a03f localSize 296 used 425706208 bytes on core 0 - Init COMPLETE

auh7-3b-gpu-006:17314:17425 [6] /long_pathname_so_that_rpms_can_package_the_debug_info/src/rccl/build/hipify/src/init.cc:2065 NCCL WARN MSCCL++: Cannot enable MSCCL++; environment is not MSCCL compatible
auh7-3b-gpu-006:17314:17425 [6] NCCL INFO TUNER/Plugin: No plugin found (librccl-tuner.so)
auh7-3b-gpu-006:17314:17425 [6] NCCL INFO TUNER/Plugin: No plugin found (librccl-net.so)
auh7-3b-gpu-006:17314:17425 [6] NCCL INFO TUNER/Plugin: Plugin load returned 2 : librccl-net.so: cannot open shared object file: No such file or directory : when loading librccl-tuner.so
auh7-3b-gpu-006:17314:17425 [6] NCCL INFO TUNER/Plugin: Using internal tuner plugin.
auh7-3b-gpu-006:17314:17425 [6] NCCL INFO ncclCommInitRank comm 0x2724e0a0 rank 6 nranks 8 cudaDev 6 nvmlDev 4 busId 85000 commId 0x61db97c4be3a03f localSize 296 used 425444064 bytes on core 6 - Init COMPLETE
auh7-3b-gpu-006:17313:17426 [5] NCCL INFO TUNER/Plugin: No plugin found (librccl-tuner.so)
auh7-3b-gpu-006:17313:17426 [5] NCCL INFO TUNER/Plugin: No plugin found (librccl-net.so)
auh7-3b-gpu-006:17313:17426 [5] NCCL INFO TUNER/Plugin: Plugin load returned 2 : librccl-net.so: cannot open shared object file: No such file or directory : when loading librccl-tuner.so
auh7-3b-gpu-006:17313:17426 [5] NCCL INFO TUNER/Plugin: Using internal tuner plugin.
auh7-3b-gpu-006:17313:17426 [5] NCCL INFO ncclCommInitRank comm 0x31b57d40 rank 5 nranks 8 cudaDev 5 nvmlDev 7 busId c8000 commId 0x61db97c4be3a03f localSize 296 used 425444064 bytes on core 5 - Init COMPLETE
auh7-3b-gpu-006:17311:17427 [3] NCCL INFO TUNER/Plugin: No plugin found (librccl-net.so)
auh7-3b-gpu-006:17311:17427 [3] NCCL INFO TUNER/Plugin: Plugin load returned 2 : librccl-net.so: cannot open shared object file: No such file or directory : when loading librccl-tuner.so
auh7-3b-gpu-006:17311:17427 [3] NCCL INFO TUNER/Plugin: Using internal tuner plugin.
auh7-3b-gpu-006:17311:17427 [3] NCCL INFO ncclCommInitRank comm 0x38b14b70 rank 3 nranks 8 cudaDev 3 nvmlDev 1 busId 8000 commId 0x61db97c4be3a03f localSize 296 used 425706208 bytes on core 67 - Init COMPLETE
auh7-3b-gpu-006:17312:17423 [4] NCCL INFO TUNER/Plugin: No plugin found (librccl-net.so)
auh7-3b-gpu-006:17312:17423 [4] NCCL INFO TUNER/Plugin: Plugin load returned 2 : librccl-net.so: cannot open shared object file: No such file or directory : when loading librccl-tuner.so
auh7-3b-gpu-006:17312:17423 [4] NCCL INFO TUNER/Plugin: Using internal tuner plugin.
auh7-3b-gpu-006:17312:17423 [4] NCCL INFO ncclCommInitRank comm 0x3b54fb0 rank 4 nranks 8 cudaDev 4 nvmlDev 6 busId c5000 commId 0x61db97c4be3a03f localSize 296 used 425444064 bytes on core 68 - Init COMPLETE
#
#                                                              out-of-place                       in-place          
#       size         count      type   redop    root     time   algbw   busbw #wrong     time   algbw   busbw #wrong
#        (B)    (elements)                               (us)  (GB/s)  (GB/s)            (us)  (GB/s)  (GB/s)       
           8             2     float     sum      -1    40.87    0.00    0.00      0    36.32    0.00    0.00      0
          16             4     float     sum      -1    32.68    0.00    0.00      0    35.50    0.00    0.00      0
          32             8     float     sum      -1    27.39    0.00    0.00      0    24.77    0.00    0.00      0
          64            16     float     sum      -1    24.64    0.00    0.00      0    24.64    0.00    0.00      0
         128            32     float     sum      -1    25.34    0.01    0.01      0    25.59    0.01    0.01      0
         256            64     float     sum      -1    25.11    0.01    0.02      0    25.02    0.01    0.02      0
         512           128     float     sum      -1    24.83    0.02    0.04      0    25.20    0.02    0.04      0
        1024           256     float     sum      -1    25.77    0.04    0.07      0    25.48    0.04    0.07      0
        2048           512     float     sum      -1    25.85    0.08    0.14      0    26.00    0.08    0.14      0
        4096          1024     float     sum      -1    27.64    0.15    0.26      0    27.64    0.15    0.26      0
        8192          2048     float     sum      -1    31.44    0.26    0.46      0    31.53    0.26    0.45      0
       16384          4096     float     sum      -1    40.73    0.40    0.70      0    40.67    0.40    0.71      0
       32768          8192     float     sum      -1    40.21    0.81    1.43      0    40.10    0.82    1.43      0
       65536         16384     float     sum      -1    39.81    1.65    2.88      0    40.01    1.64    2.87      0
      131072         32768     float     sum      -1    93.04    1.41    2.47      0    82.57    1.59    2.78      0
      262144         65536     float     sum      -1    107.3    2.44    4.28      0    104.5    2.51    4.39      0
      524288        131072     float     sum      -1    117.4    4.47    7.82      0    116.5    4.50    7.87      0
     1048576        262144     float     sum      -1    127.1    8.25   14.44      0    126.7    8.28   14.48      0
     2097152        524288     float     sum      -1    158.8   13.21   23.11      0    158.8   13.20   23.10      0
     4194304       1048576     float     sum      -1    159.7   26.26   45.96      0    155.9   26.90   47.08      0
     8388608       2097152     float     sum      -1    251.0   33.42   58.49      0    249.9   33.57   58.75      0
    16777216       4194304     float     sum      -1   1107.4   15.15   26.51      0   1114.2   15.06   26.35      0
    33554432       8388608     float     sum      -1   1896.5   17.69   30.96      0   1898.5   17.67   30.93      0
    67108864      16777216     float     sum      -1   3200.1   20.97   36.70      0   3202.2   20.96   36.68      0
   134217728      33554432     float     sum      -1   6401.2   20.97   36.69      0   6401.1   20.97   36.69      0
   268435456      67108864     float     sum      -1    12809   20.96   36.67      0    12808   20.96   36.68      0
   536870912     134217728     float     sum      -1    25607   20.97   36.69      0    25612   20.96   36.68      0
  1073741824     268435456     float     sum      -1    51234   20.96   36.68      0    51225   20.96   36.68      0
  2147483648     536870912     float     sum      -1   102472   20.96   36.67      0   102514   20.95   36.66      0
  4294967296    1073741824     float     sum      -1   205278   20.92   36.61      0   204979   20.95   36.67      0
auh7-3b-gpu-006:17309:17309 [1] NCCL INFO comm 0x123a4740 rank 1 nranks 8 cudaDev 1 busId 4a000 - Destroy COMPLETE
auh7-3b-gpu-006:17308:17308 [0] NCCL INFO comm 0x2a5f8c30 rank 0 nranks 8 cudaDev 0 busId 47000 - Destroy COMPLETE
auh7-3b-gpu-006:17313:17313 [5] NCCL INFO comm 0x31b57d40 rank 5 nranks 8 cudaDev 5 busId c8000 - Destroy COMPLETE
auh7-3b-gpu-006:17314:17314 [6] NCCL INFO comm 0x2724e0a0 rank 6 nranks 8 cudaDev 6 busId 85000 - Destroy COMPLETE
auh7-3b-gpu-006:17315:17315 [7] NCCL INFO comm 0x246bc3a0 rank 7 nranks 8 cudaDev 7 busId 88000 - Destroy COMPLETE
# Errors with asterisks indicate errors that have exceeded the maximum threshold.
# Out of bounds values : 0 OK
# Avg bus bandwidth    : 15.9207 
#
auh7-3b-gpu-006:17312:17312 [4] NCCL INFO comm 0x3b54fb0 rank 4 nranks 8 cudaDev 4 busId c5000 - Destroy COMPLETE
auh7-3b-gpu-006:17311:17311 [3] NCCL INFO comm 0x38b14b70 rank 3 nranks 8 cudaDev 3 busId 8000 - Destroy COMPLETE
auh7-3b-gpu-006:17310:17310 [2] NCCL INFO comm 0x2ac51a40 rank 2 nranks 8 cudaDev 2 busId 5000 - Destroy COMPLETE

